16:18:53 **** Incremental Build of configuration Debug for project BingOptik_LCD ****
make -j12 all 
arm-none-eabi-gcc "D:/Projets/STM32/BingOptik/Src/sd_diskio.c" -mcpu=cortex-m4 -std=gnu11 -g3 -DDEBUG -DUSE_STM32469I_DISCOVERY -DUSE_HAL_DRIVER -DUSE_STM32469I_DISCO_REVC -DSTM32F469xx -DTS_MULTI_TOUCH_SUPPORTED -c -I../../Inc -I../../Drivers/CMSIS/Device/ST/STM32F4xx/Include -I../../Drivers/STM32F4xx_HAL_Driver/Inc -I../../Drivers/BSP/STM32469I-Discovery -I../../Drivers/BSP/Components/ft6x06 -I../../Drivers/BSP/Components/Common -I../../Drivers/BSP/Components -I../../Utilities -I../../Utilities/Fonts -I../../Middlewares/Third_Party/FatFs/src -I../../Drivers/CMSIS/Include -O0 -ffunction-sections -fdata-sections -Wall -fstack-usage -fcyclomatic-complexity -MMD -MP -MF"Middlewares/FatFs/Drivers/sd_diskio.d" -MT"Middlewares/FatFs/Drivers/sd_diskio.o" --specs=nano.specs -mfpu=fpv4-sp-d16 -mfloat-abi=hard -mthumb -o "Middlewares/FatFs/Drivers/sd_diskio.o"
arm-none-eabi-gcc "D:/Projets/STM32/BingOptik/Middlewares/Third_Party/FatFs/src/diskio.c" -mcpu=cortex-m4 -std=gnu11 -g3 -DDEBUG -DUSE_STM32469I_DISCOVERY -DUSE_HAL_DRIVER -DUSE_STM32469I_DISCO_REVC -DSTM32F469xx -DTS_MULTI_TOUCH_SUPPORTED -c -I../../Inc -I../../Drivers/CMSIS/Device/ST/STM32F4xx/Include -I../../Drivers/STM32F4xx_HAL_Driver/Inc -I../../Drivers/BSP/STM32469I-Discovery -I../../Drivers/BSP/Components/ft6x06 -I../../Drivers/BSP/Components/Common -I../../Drivers/BSP/Components -I../../Utilities -I../../Utilities/Fonts -I../../Middlewares/Third_Party/FatFs/src -I../../Drivers/CMSIS/Include -O0 -ffunction-sections -fdata-sections -Wall -fstack-usage -fcyclomatic-complexity -MMD -MP -MF"Middlewares/FatFs/Core/diskio.d" -MT"Middlewares/FatFs/Core/diskio.o" --specs=nano.specs -mfpu=fpv4-sp-d16 -mfloat-abi=hard -mthumb -o "Middlewares/FatFs/Core/diskio.o"
arm-none-eabi-gcc "D:/Projets/STM32/BingOptik/Middlewares/Third_Party/FatFs/src/ff.c" -mcpu=cortex-m4 -std=gnu11 -g3 -DDEBUG -DUSE_STM32469I_DISCOVERY -DUSE_HAL_DRIVER -DUSE_STM32469I_DISCO_REVC -DSTM32F469xx -DTS_MULTI_TOUCH_SUPPORTED -c -I../../Inc -I../../Drivers/CMSIS/Device/ST/STM32F4xx/Include -I../../Drivers/STM32F4xx_HAL_Driver/Inc -I../../Drivers/BSP/STM32469I-Discovery -I../../Drivers/BSP/Components/ft6x06 -I../../Drivers/BSP/Components/Common -I../../Drivers/BSP/Components -I../../Utilities -I../../Utilities/Fonts -I../../Middlewares/Third_Party/FatFs/src -I../../Drivers/CMSIS/Include -O0 -ffunction-sections -fdata-sections -Wall -fstack-usage -fcyclomatic-complexity -MMD -MP -MF"Middlewares/FatFs/Core/ff.d" -MT"Middlewares/FatFs/Core/ff.o" --specs=nano.specs -mfpu=fpv4-sp-d16 -mfloat-abi=hard -mthumb -o "Middlewares/FatFs/Core/ff.o"
arm-none-eabi-gcc "D:/Projets/STM32/BingOptik/Middlewares/Third_Party/FatFs/src/ff_gen_drv.c" -mcpu=cortex-m4 -std=gnu11 -g3 -DDEBUG -DUSE_STM32469I_DISCOVERY -DUSE_HAL_DRIVER -DUSE_STM32469I_DISCO_REVC -DSTM32F469xx -DTS_MULTI_TOUCH_SUPPORTED -c -I../../Inc -I../../Drivers/CMSIS/Device/ST/STM32F4xx/Include -I../../Drivers/STM32F4xx_HAL_Driver/Inc -I../../Drivers/BSP/STM32469I-Discovery -I../../Drivers/BSP/Components/ft6x06 -I../../Drivers/BSP/Components/Common -I../../Drivers/BSP/Components -I../../Utilities -I../../Utilities/Fonts -I../../Middlewares/Third_Party/FatFs/src -I../../Drivers/CMSIS/Include -O0 -ffunction-sections -fdata-sections -Wall -fstack-usage -fcyclomatic-complexity -MMD -MP -MF"Middlewares/FatFs/Core/ff_gen_drv.d" -MT"Middlewares/FatFs/Core/ff_gen_drv.o" --specs=nano.specs -mfpu=fpv4-sp-d16 -mfloat-abi=hard -mthumb -o "Middlewares/FatFs/Core/ff_gen_drv.o"
arm-none-eabi-gcc "D:/Projets/STM32/BingOptik/Drivers/STM32F4xx_HAL_Driver/Src/stm32f4xx_hal.c" -mcpu=cortex-m4 -std=gnu11 -g3 -DDEBUG -DUSE_STM32469I_DISCOVERY -DUSE_HAL_DRIVER -DUSE_STM32469I_DISCO_REVC -DSTM32F469xx -DTS_MULTI_TOUCH_SUPPORTED -c -I../../Inc -I../../Drivers/CMSIS/Device/ST/STM32F4xx/Include -I../../Drivers/STM32F4xx_HAL_Driver/Inc -I../../Drivers/BSP/STM32469I-Discovery -I../../Drivers/BSP/Components/ft6x06 -I../../Drivers/BSP/Components/Common -I../../Drivers/BSP/Components -I../../Utilities -I../../Utilities/Fonts -I../../Middlewares/Third_Party/FatFs/src -I../../Drivers/CMSIS/Include -O0 -ffunction-sections -fdata-sections -Wall -fstack-usage -fcyclomatic-complexity -MMD -MP -MF"Drivers/STM32F4xx_HAL_Driver/stm32f4xx_hal.d" -MT"Drivers/STM32F4xx_HAL_Driver/stm32f4xx_hal.o" --specs=nano.specs -mfpu=fpv4-sp-d16 -mfloat-abi=hard -mthumb -o "Drivers/STM32F4xx_HAL_Driver/stm32f4xx_hal.o"
arm-none-eabi-gcc "../Drivers/STM32F4xx_HAL_Driver/stm32f4xx_hal_adc.c" -mcpu=cortex-m4 -std=gnu11 -g3 -DDEBUG -DUSE_STM32469I_DISCOVERY -DUSE_HAL_DRIVER -DUSE_STM32469I_DISCO_REVC -DSTM32F469xx -DTS_MULTI_TOUCH_SUPPORTED -c -I../../Inc -I../../Drivers/CMSIS/Device/ST/STM32F4xx/Include -I../../Drivers/STM32F4xx_HAL_Driver/Inc -I../../Drivers/BSP/STM32469I-Discovery -I../../Drivers/BSP/Components/ft6x06 -I../../Drivers/BSP/Components/Common -I../../Drivers/BSP/Components -I../../Utilities -I../../Utilities/Fonts -I../../Middlewares/Third_Party/FatFs/src -I../../Drivers/CMSIS/Include -O0 -ffunction-sections -fdata-sections -Wall -fstack-usage -fcyclomatic-complexity -MMD -MP -MF"Drivers/STM32F4xx_HAL_Driver/stm32f4xx_hal_adc.d" -MT"Drivers/STM32F4xx_HAL_Driver/stm32f4xx_hal_adc.o" --specs=nano.specs -mfpu=fpv4-sp-d16 -mfloat-abi=hard -mthumb -o "Drivers/STM32F4xx_HAL_Driver/stm32f4xx_hal_adc.o"
arm-none-eabi-gcc "../Drivers/STM32F4xx_HAL_Driver/stm32f4xx_hal_adc_ex.c" -mcpu=cortex-m4 -std=gnu11 -g3 -DDEBUG -DUSE_STM32469I_DISCOVERY -DUSE_HAL_DRIVER -DUSE_STM32469I_DISCO_REVC -DSTM32F469xx -DTS_MULTI_TOUCH_SUPPORTED -c -I../../Inc -I../../Drivers/CMSIS/Device/ST/STM32F4xx/Include -I../../Drivers/STM32F4xx_HAL_Driver/Inc -I../../Drivers/BSP/STM32469I-Discovery -I../../Drivers/BSP/Components/ft6x06 -I../../Drivers/BSP/Components/Common -I../../Drivers/BSP/Components -I../../Utilities -I../../Utilities/Fonts -I../../Middlewares/Third_Party/FatFs/src -I../../Drivers/CMSIS/Include -O0 -ffunction-sections -fdata-sections -Wall -fstack-usage -fcyclomatic-complexity -MMD -MP -MF"Drivers/STM32F4xx_HAL_Driver/stm32f4xx_hal_adc_ex.d" -MT"Drivers/STM32F4xx_HAL_Driver/stm32f4xx_hal_adc_ex.o" --specs=nano.specs -mfpu=fpv4-sp-d16 -mfloat-abi=hard -mthumb -o "Drivers/STM32F4xx_HAL_Driver/stm32f4xx_hal_adc_ex.o"
arm-none-eabi-gcc "D:/Projets/STM32/BingOptik/Drivers/STM32F4xx_HAL_Driver/Src/stm32f4xx_hal_cortex.c" -mcpu=cortex-m4 -std=gnu11 -g3 -DDEBUG -DUSE_STM32469I_DISCOVERY -DUSE_HAL_DRIVER -DUSE_STM32469I_DISCO_REVC -DSTM32F469xx -DTS_MULTI_TOUCH_SUPPORTED -c -I../../Inc -I../../Drivers/CMSIS/Device/ST/STM32F4xx/Include -I../../Drivers/STM32F4xx_HAL_Driver/Inc -I../../Drivers/BSP/STM32469I-Discovery -I../../Drivers/BSP/Components/ft6x06 -I../../Drivers/BSP/Components/Common -I../../Drivers/BSP/Components -I../../Utilities -I../../Utilities/Fonts -I../../Middlewares/Third_Party/FatFs/src -I../../Drivers/CMSIS/Include -O0 -ffunction-sections -fdata-sections -Wall -fstack-usage -fcyclomatic-complexity -MMD -MP -MF"Drivers/STM32F4xx_HAL_Driver/stm32f4xx_hal_cortex.d" -MT"Drivers/STM32F4xx_HAL_Driver/stm32f4xx_hal_cortex.o" --specs=nano.specs -mfpu=fpv4-sp-d16 -mfloat-abi=hard -mthumb -o "Drivers/STM32F4xx_HAL_Driver/stm32f4xx_hal_cortex.o"
arm-none-eabi-gcc "D:/Projets/STM32/BingOptik/Drivers/STM32F4xx_HAL_Driver/Src/stm32f4xx_hal_dma.c" -mcpu=cortex-m4 -std=gnu11 -g3 -DDEBUG -DUSE_STM32469I_DISCOVERY -DUSE_HAL_DRIVER -DUSE_STM32469I_DISCO_REVC -DSTM32F469xx -DTS_MULTI_TOUCH_SUPPORTED -c -I../../Inc -I../../Drivers/CMSIS/Device/ST/STM32F4xx/Include -I../../Drivers/STM32F4xx_HAL_Driver/Inc -I../../Drivers/BSP/STM32469I-Discovery -I../../Drivers/BSP/Components/ft6x06 -I../../Drivers/BSP/Components/Common -I../../Drivers/BSP/Components -I../../Utilities -I../../Utilities/Fonts -I../../Middlewares/Third_Party/FatFs/src -I../../Drivers/CMSIS/Include -O0 -ffunction-sections -fdata-sections -Wall -fstack-usage -fcyclomatic-complexity -MMD -MP -MF"Drivers/STM32F4xx_HAL_Driver/stm32f4xx_hal_dma.d" -MT"Drivers/STM32F4xx_HAL_Driver/stm32f4xx_hal_dma.o" --specs=nano.specs -mfpu=fpv4-sp-d16 -mfloat-abi=hard -mthumb -o "Drivers/STM32F4xx_HAL_Driver/stm32f4xx_hal_dma.o"
arm-none-eabi-gcc "D:/Projets/STM32/BingOptik/Drivers/STM32F4xx_HAL_Driver/Src/stm32f4xx_hal_dma2d.c" -mcpu=cortex-m4 -std=gnu11 -g3 -DDEBUG -DUSE_STM32469I_DISCOVERY -DUSE_HAL_DRIVER -DUSE_STM32469I_DISCO_REVC -DSTM32F469xx -DTS_MULTI_TOUCH_SUPPORTED -c -I../../Inc -I../../Drivers/CMSIS/Device/ST/STM32F4xx/Include -I../../Drivers/STM32F4xx_HAL_Driver/Inc -I../../Drivers/BSP/STM32469I-Discovery -I../../Drivers/BSP/Components/ft6x06 -I../../Drivers/BSP/Components/Common -I../../Drivers/BSP/Components -I../../Utilities -I../../Utilities/Fonts -I../../Middlewares/Third_Party/FatFs/src -I../../Drivers/CMSIS/Include -O0 -ffunction-sections -fdata-sections -Wall -fstack-usage -fcyclomatic-complexity -MMD -MP -MF"Drivers/STM32F4xx_HAL_Driver/stm32f4xx_hal_dma2d.d" -MT"Drivers/STM32F4xx_HAL_Driver/stm32f4xx_hal_dma2d.o" --specs=nano.specs -mfpu=fpv4-sp-d16 -mfloat-abi=hard -mthumb -o "Drivers/STM32F4xx_HAL_Driver/stm32f4xx_hal_dma2d.o"
arm-none-eabi-gcc "D:/Projets/STM32/BingOptik/Drivers/STM32F4xx_HAL_Driver/Src/stm32f4xx_hal_dsi.c" -mcpu=cortex-m4 -std=gnu11 -g3 -DDEBUG -DUSE_STM32469I_DISCOVERY -DUSE_HAL_DRIVER -DUSE_STM32469I_DISCO_REVC -DSTM32F469xx -DTS_MULTI_TOUCH_SUPPORTED -c -I../../Inc -I../../Drivers/CMSIS/Device/ST/STM32F4xx/Include -I../../Drivers/STM32F4xx_HAL_Driver/Inc -I../../Drivers/BSP/STM32469I-Discovery -I../../Drivers/BSP/Components/ft6x06 -I../../Drivers/BSP/Components/Common -I../../Drivers/BSP/Components -I../../Utilities -I../../Utilities/Fonts -I../../Middlewares/Third_Party/FatFs/src -I../../Drivers/CMSIS/Include -O0 -ffunction-sections -fdata-sections -Wall -fstack-usage -fcyclomatic-complexity -MMD -MP -MF"Drivers/STM32F4xx_HAL_Driver/stm32f4xx_hal_dsi.d" -MT"Drivers/STM32F4xx_HAL_Driver/stm32f4xx_hal_dsi.o" --specs=nano.specs -mfpu=fpv4-sp-d16 -mfloat-abi=hard -mthumb -o "Drivers/STM32F4xx_HAL_Driver/stm32f4xx_hal_dsi.o"
arm-none-eabi-gcc "D:/Projets/STM32/BingOptik/Drivers/STM32F4xx_HAL_Driver/Src/stm32f4xx_hal_flash.c" -mcpu=cortex-m4 -std=gnu11 -g3 -DDEBUG -DUSE_STM32469I_DISCOVERY -DUSE_HAL_DRIVER -DUSE_STM32469I_DISCO_REVC -DSTM32F469xx -DTS_MULTI_TOUCH_SUPPORTED -c -I../../Inc -I../../Drivers/CMSIS/Device/ST/STM32F4xx/Include -I../../Drivers/STM32F4xx_HAL_Driver/Inc -I../../Drivers/BSP/STM32469I-Discovery -I../../Drivers/BSP/Components/ft6x06 -I../../Drivers/BSP/Components/Common -I../../Drivers/BSP/Components -I../../Utilities -I../../Utilities/Fonts -I../../Middlewares/Third_Party/FatFs/src -I../../Drivers/CMSIS/Include -O0 -ffunction-sections -fdata-sections -Wall -fstack-usage -fcyclomatic-complexity -MMD -MP -MF"Drivers/STM32F4xx_HAL_Driver/stm32f4xx_hal_flash.d" -MT"Drivers/STM32F4xx_HAL_Driver/stm32f4xx_hal_flash.o" --specs=nano.specs -mfpu=fpv4-sp-d16 -mfloat-abi=hard -mthumb -o "Drivers/STM32F4xx_HAL_Driver/stm32f4xx_hal_flash.o"
arm-none-eabi-gcc "D:/Projets/STM32/BingOptik/Drivers/STM32F4xx_HAL_Driver/Src/stm32f4xx_hal_flash_ex.c" -mcpu=cortex-m4 -std=gnu11 -g3 -DDEBUG -DUSE_STM32469I_DISCOVERY -DUSE_HAL_DRIVER -DUSE_STM32469I_DISCO_REVC -DSTM32F469xx -DTS_MULTI_TOUCH_SUPPORTED -c -I../../Inc -I../../Drivers/CMSIS/Device/ST/STM32F4xx/Include -I../../Drivers/STM32F4xx_HAL_Driver/Inc -I../../Drivers/BSP/STM32469I-Discovery -I../../Drivers/BSP/Components/ft6x06 -I../../Drivers/BSP/Components/Common -I../../Drivers/BSP/Components -I../../Utilities -I../../Utilities/Fonts -I../../Middlewares/Third_Party/FatFs/src -I../../Drivers/CMSIS/Include -O0 -ffunction-sections -fdata-sections -Wall -fstack-usage -fcyclomatic-complexity -MMD -MP -MF"Drivers/STM32F4xx_HAL_Driver/stm32f4xx_hal_flash_ex.d" -MT"Drivers/STM32F4xx_HAL_Driver/stm32f4xx_hal_flash_ex.o" --specs=nano.specs -mfpu=fpv4-sp-d16 -mfloat-abi=hard -mthumb -o "Drivers/STM32F4xx_HAL_Driver/stm32f4xx_hal_flash_ex.o"
arm-none-eabi-gcc "D:/Projets/STM32/BingOptik/Drivers/STM32F4xx_HAL_Driver/Src/stm32f4xx_hal_gpio.c" -mcpu=cortex-m4 -std=gnu11 -g3 -DDEBUG -DUSE_STM32469I_DISCOVERY -DUSE_HAL_DRIVER -DUSE_STM32469I_DISCO_REVC -DSTM32F469xx -DTS_MULTI_TOUCH_SUPPORTED -c -I../../Inc -I../../Drivers/CMSIS/Device/ST/STM32F4xx/Include -I../../Drivers/STM32F4xx_HAL_Driver/Inc -I../../Drivers/BSP/STM32469I-Discovery -I../../Drivers/BSP/Components/ft6x06 -I../../Drivers/BSP/Components/Common -I../../Drivers/BSP/Components -I../../Utilities -I../../Utilities/Fonts -I../../Middlewares/Third_Party/FatFs/src -I../../Drivers/CMSIS/Include -O0 -ffunction-sections -fdata-sections -Wall -fstack-usage -fcyclomatic-complexity -MMD -MP -MF"Drivers/STM32F4xx_HAL_Driver/stm32f4xx_hal_gpio.d" -MT"Drivers/STM32F4xx_HAL_Driver/stm32f4xx_hal_gpio.o" --specs=nano.specs -mfpu=fpv4-sp-d16 -mfloat-abi=hard -mthumb -o "Drivers/STM32F4xx_HAL_Driver/stm32f4xx_hal_gpio.o"
arm-none-eabi-gcc "D:/Projets/STM32/BingOptik/Drivers/STM32F4xx_HAL_Driver/Src/stm32f4xx_hal_i2c.c" -mcpu=cortex-m4 -std=gnu11 -g3 -DDEBUG -DUSE_STM32469I_DISCOVERY -DUSE_HAL_DRIVER -DUSE_STM32469I_DISCO_REVC -DSTM32F469xx -DTS_MULTI_TOUCH_SUPPORTED -c -I../../Inc -I../../Drivers/CMSIS/Device/ST/STM32F4xx/Include -I../../Drivers/STM32F4xx_HAL_Driver/Inc -I../../Drivers/BSP/STM32469I-Discovery -I../../Drivers/BSP/Components/ft6x06 -I../../Drivers/BSP/Components/Common -I../../Drivers/BSP/Components -I../../Utilities -I../../Utilities/Fonts -I../../Middlewares/Third_Party/FatFs/src -I../../Drivers/CMSIS/Include -O0 -ffunction-sections -fdata-sections -Wall -fstack-usage -fcyclomatic-complexity -MMD -MP -MF"Drivers/STM32F4xx_HAL_Driver/stm32f4xx_hal_i2c.d" -MT"Drivers/STM32F4xx_HAL_Driver/stm32f4xx_hal_i2c.o" --specs=nano.specs -mfpu=fpv4-sp-d16 -mfloat-abi=hard -mthumb -o "Drivers/STM32F4xx_HAL_Driver/stm32f4xx_hal_i2c.o"
arm-none-eabi-gcc "D:/Projets/STM32/BingOptik/Drivers/STM32F4xx_HAL_Driver/Src/stm32f4xx_hal_i2c_ex.c" -mcpu=cortex-m4 -std=gnu11 -g3 -DDEBUG -DUSE_STM32469I_DISCOVERY -DUSE_HAL_DRIVER -DUSE_STM32469I_DISCO_REVC -DSTM32F469xx -DTS_MULTI_TOUCH_SUPPORTED -c -I../../Inc -I../../Drivers/CMSIS/Device/ST/STM32F4xx/Include -I../../Drivers/STM32F4xx_HAL_Driver/Inc -I../../Drivers/BSP/STM32469I-Discovery -I../../Drivers/BSP/Components/ft6x06 -I../../Drivers/BSP/Components/Common -I../../Drivers/BSP/Components -I../../Utilities -I../../Utilities/Fonts -I../../Middlewares/Third_Party/FatFs/src -I../../Drivers/CMSIS/Include -O0 -ffunction-sections -fdata-sections -Wall -fstack-usage -fcyclomatic-complexity -MMD -MP -MF"Drivers/STM32F4xx_HAL_Driver/stm32f4xx_hal_i2c_ex.d" -MT"Drivers/STM32F4xx_HAL_Driver/stm32f4xx_hal_i2c_ex.o" --specs=nano.specs -mfpu=fpv4-sp-d16 -mfloat-abi=hard -mthumb -o "Drivers/STM32F4xx_HAL_Driver/stm32f4xx_hal_i2c_ex.o"
arm-none-eabi-gcc "D:/Projets/STM32/BingOptik/Drivers/STM32F4xx_HAL_Driver/Src/stm32f4xx_hal_ltdc.c" -mcpu=cortex-m4 -std=gnu11 -g3 -DDEBUG -DUSE_STM32469I_DISCOVERY -DUSE_HAL_DRIVER -DUSE_STM32469I_DISCO_REVC -DSTM32F469xx -DTS_MULTI_TOUCH_SUPPORTED -c -I../../Inc -I../../Drivers/CMSIS/Device/ST/STM32F4xx/Include -I../../Drivers/STM32F4xx_HAL_Driver/Inc -I../../Drivers/BSP/STM32469I-Discovery -I../../Drivers/BSP/Components/ft6x06 -I../../Drivers/BSP/Components/Common -I../../Drivers/BSP/Components -I../../Utilities -I../../Utilities/Fonts -I../../Middlewares/Third_Party/FatFs/src -I../../Drivers/CMSIS/Include -O0 -ffunction-sections -fdata-sections -Wall -fstack-usage -fcyclomatic-complexity -MMD -MP -MF"Drivers/STM32F4xx_HAL_Driver/stm32f4xx_hal_ltdc.d" -MT"Drivers/STM32F4xx_HAL_Driver/stm32f4xx_hal_ltdc.o" --specs=nano.specs -mfpu=fpv4-sp-d16 -mfloat-abi=hard -mthumb -o "Drivers/STM32F4xx_HAL_Driver/stm32f4xx_hal_ltdc.o"
arm-none-eabi-gcc "D:/Projets/STM32/BingOptik/Drivers/STM32F4xx_HAL_Driver/Src/stm32f4xx_hal_ltdc_ex.c" -mcpu=cortex-m4 -std=gnu11 -g3 -DDEBUG -DUSE_STM32469I_DISCOVERY -DUSE_HAL_DRIVER -DUSE_STM32469I_DISCO_REVC -DSTM32F469xx -DTS_MULTI_TOUCH_SUPPORTED -c -I../../Inc -I../../Drivers/CMSIS/Device/ST/STM32F4xx/Include -I../../Drivers/STM32F4xx_HAL_Driver/Inc -I../../Drivers/BSP/STM32469I-Discovery -I../../Drivers/BSP/Components/ft6x06 -I../../Drivers/BSP/Components/Common -I../../Drivers/BSP/Components -I../../Utilities -I../../Utilities/Fonts -I../../Middlewares/Third_Party/FatFs/src -I../../Drivers/CMSIS/Include -O0 -ffunction-sections -fdata-sections -Wall -fstack-usage -fcyclomatic-complexity -MMD -MP -MF"Drivers/STM32F4xx_HAL_Driver/stm32f4xx_hal_ltdc_ex.d" -MT"Drivers/STM32F4xx_HAL_Driver/stm32f4xx_hal_ltdc_ex.o" --specs=nano.specs -mfpu=fpv4-sp-d16 -mfloat-abi=hard -mthumb -o "Drivers/STM32F4xx_HAL_Driver/stm32f4xx_hal_ltdc_ex.o"
arm-none-eabi-gcc "D:/Projets/STM32/BingOptik/Drivers/STM32F4xx_HAL_Driver/Src/stm32f4xx_hal_pwr.c" -mcpu=cortex-m4 -std=gnu11 -g3 -DDEBUG -DUSE_STM32469I_DISCOVERY -DUSE_HAL_DRIVER -DUSE_STM32469I_DISCO_REVC -DSTM32F469xx -DTS_MULTI_TOUCH_SUPPORTED -c -I../../Inc -I../../Drivers/CMSIS/Device/ST/STM32F4xx/Include -I../../Drivers/STM32F4xx_HAL_Driver/Inc -I../../Drivers/BSP/STM32469I-Discovery -I../../Drivers/BSP/Components/ft6x06 -I../../Drivers/BSP/Components/Common -I../../Drivers/BSP/Components -I../../Utilities -I../../Utilities/Fonts -I../../Middlewares/Third_Party/FatFs/src -I../../Drivers/CMSIS/Include -O0 -ffunction-sections -fdata-sections -Wall -fstack-usage -fcyclomatic-complexity -MMD -MP -MF"Drivers/STM32F4xx_HAL_Driver/stm32f4xx_hal_pwr.d" -MT"Drivers/STM32F4xx_HAL_Driver/stm32f4xx_hal_pwr.o" --specs=nano.specs -mfpu=fpv4-sp-d16 -mfloat-abi=hard -mthumb -o "Drivers/STM32F4xx_HAL_Driver/stm32f4xx_hal_pwr.o"
arm-none-eabi-gcc "D:/Projets/STM32/BingOptik/Drivers/STM32F4xx_HAL_Driver/Src/stm32f4xx_hal_pwr_ex.c" -mcpu=cortex-m4 -std=gnu11 -g3 -DDEBUG -DUSE_STM32469I_DISCOVERY -DUSE_HAL_DRIVER -DUSE_STM32469I_DISCO_REVC -DSTM32F469xx -DTS_MULTI_TOUCH_SUPPORTED -c -I../../Inc -I../../Drivers/CMSIS/Device/ST/STM32F4xx/Include -I../../Drivers/STM32F4xx_HAL_Driver/Inc -I../../Drivers/BSP/STM32469I-Discovery -I../../Drivers/BSP/Components/ft6x06 -I../../Drivers/BSP/Components/Common -I../../Drivers/BSP/Components -I../../Utilities -I../../Utilities/Fonts -I../../Middlewares/Third_Party/FatFs/src -I../../Drivers/CMSIS/Include -O0 -ffunction-sections -fdata-sections -Wall -fstack-usage -fcyclomatic-complexity -MMD -MP -MF"Drivers/STM32F4xx_HAL_Driver/stm32f4xx_hal_pwr_ex.d" -MT"Drivers/STM32F4xx_HAL_Driver/stm32f4xx_hal_pwr_ex.o" --specs=nano.specs -mfpu=fpv4-sp-d16 -mfloat-abi=hard -mthumb -o "Drivers/STM32F4xx_HAL_Driver/stm32f4xx_hal_pwr_ex.o"
arm-none-eabi-gcc "D:/Projets/STM32/BingOptik/Drivers/STM32F4xx_HAL_Driver/Src/stm32f4xx_hal_rcc.c" -mcpu=cortex-m4 -std=gnu11 -g3 -DDEBUG -DUSE_STM32469I_DISCOVERY -DUSE_HAL_DRIVER -DUSE_STM32469I_DISCO_REVC -DSTM32F469xx -DTS_MULTI_TOUCH_SUPPORTED -c -I../../Inc -I../../Drivers/CMSIS/Device/ST/STM32F4xx/Include -I../../Drivers/STM32F4xx_HAL_Driver/Inc -I../../Drivers/BSP/STM32469I-Discovery -I../../Drivers/BSP/Components/ft6x06 -I../../Drivers/BSP/Components/Common -I../../Drivers/BSP/Components -I../../Utilities -I../../Utilities/Fonts -I../../Middlewares/Third_Party/FatFs/src -I../../Drivers/CMSIS/Include -O0 -ffunction-sections -fdata-sections -Wall -fstack-usage -fcyclomatic-complexity -MMD -MP -MF"Drivers/STM32F4xx_HAL_Driver/stm32f4xx_hal_rcc.d" -MT"Drivers/STM32F4xx_HAL_Driver/stm32f4xx_hal_rcc.o" --specs=nano.specs -mfpu=fpv4-sp-d16 -mfloat-abi=hard -mthumb -o "Drivers/STM32F4xx_HAL_Driver/stm32f4xx_hal_rcc.o"
arm-none-eabi-gcc "D:/Projets/STM32/BingOptik/Drivers/STM32F4xx_HAL_Driver/Src/stm32f4xx_hal_rcc_ex.c" -mcpu=cortex-m4 -std=gnu11 -g3 -DDEBUG -DUSE_STM32469I_DISCOVERY -DUSE_HAL_DRIVER -DUSE_STM32469I_DISCO_REVC -DSTM32F469xx -DTS_MULTI_TOUCH_SUPPORTED -c -I../../Inc -I../../Drivers/CMSIS/Device/ST/STM32F4xx/Include -I../../Drivers/STM32F4xx_HAL_Driver/Inc -I../../Drivers/BSP/STM32469I-Discovery -I../../Drivers/BSP/Components/ft6x06 -I../../Drivers/BSP/Components/Common -I../../Drivers/BSP/Components -I../../Utilities -I../../Utilities/Fonts -I../../Middlewares/Third_Party/FatFs/src -I../../Drivers/CMSIS/Include -O0 -ffunction-sections -fdata-sections -Wall -fstack-usage -fcyclomatic-complexity -MMD -MP -MF"Drivers/STM32F4xx_HAL_Driver/stm32f4xx_hal_rcc_ex.d" -MT"Drivers/STM32F4xx_HAL_Driver/stm32f4xx_hal_rcc_ex.o" --specs=nano.specs -mfpu=fpv4-sp-d16 -mfloat-abi=hard -mthumb -o "Drivers/STM32F4xx_HAL_Driver/stm32f4xx_hal_rcc_ex.o"
arm-none-eabi-gcc "D:/Projets/STM32/BingOptik/Drivers/STM32F4xx_HAL_Driver/Src/stm32f4xx_hal_sd.c" -mcpu=cortex-m4 -std=gnu11 -g3 -DDEBUG -DUSE_STM32469I_DISCOVERY -DUSE_HAL_DRIVER -DUSE_STM32469I_DISCO_REVC -DSTM32F469xx -DTS_MULTI_TOUCH_SUPPORTED -c -I../../Inc -I../../Drivers/CMSIS/Device/ST/STM32F4xx/Include -I../../Drivers/STM32F4xx_HAL_Driver/Inc -I../../Drivers/BSP/STM32469I-Discovery -I../../Drivers/BSP/Components/ft6x06 -I../../Drivers/BSP/Components/Common -I../../Drivers/BSP/Components -I../../Utilities -I../../Utilities/Fonts -I../../Middlewares/Third_Party/FatFs/src -I../../Drivers/CMSIS/Include -O0 -ffunction-sections -fdata-sections -Wall -fstack-usage -fcyclomatic-complexity -MMD -MP -MF"Drivers/STM32F4xx_HAL_Driver/stm32f4xx_hal_sd.d" -MT"Drivers/STM32F4xx_HAL_Driver/stm32f4xx_hal_sd.o" --specs=nano.specs -mfpu=fpv4-sp-d16 -mfloat-abi=hard -mthumb -o "Drivers/STM32F4xx_HAL_Driver/stm32f4xx_hal_sd.o"
arm-none-eabi-gcc "D:/Projets/STM32/BingOptik/Drivers/STM32F4xx_HAL_Driver/Src/stm32f4xx_hal_sdram.c" -mcpu=cortex-m4 -std=gnu11 -g3 -DDEBUG -DUSE_STM32469I_DISCOVERY -DUSE_HAL_DRIVER -DUSE_STM32469I_DISCO_REVC -DSTM32F469xx -DTS_MULTI_TOUCH_SUPPORTED -c -I../../Inc -I../../Drivers/CMSIS/Device/ST/STM32F4xx/Include -I../../Drivers/STM32F4xx_HAL_Driver/Inc -I../../Drivers/BSP/STM32469I-Discovery -I../../Drivers/BSP/Components/ft6x06 -I../../Drivers/BSP/Components/Common -I../../Drivers/BSP/Components -I../../Utilities -I../../Utilities/Fonts -I../../Middlewares/Third_Party/FatFs/src -I../../Drivers/CMSIS/Include -O0 -ffunction-sections -fdata-sections -Wall -fstack-usage -fcyclomatic-complexity -MMD -MP -MF"Drivers/STM32F4xx_HAL_Driver/stm32f4xx_hal_sdram.d" -MT"Drivers/STM32F4xx_HAL_Driver/stm32f4xx_hal_sdram.o" --specs=nano.specs -mfpu=fpv4-sp-d16 -mfloat-abi=hard -mthumb -o "Drivers/STM32F4xx_HAL_Driver/stm32f4xx_hal_sdram.o"
arm-none-eabi-gcc "D:/Projets/STM32/BingOptik/Drivers/STM32F4xx_HAL_Driver/Src/stm32f4xx_hal_sram.c" -mcpu=cortex-m4 -std=gnu11 -g3 -DDEBUG -DUSE_STM32469I_DISCOVERY -DUSE_HAL_DRIVER -DUSE_STM32469I_DISCO_REVC -DSTM32F469xx -DTS_MULTI_TOUCH_SUPPORTED -c -I../../Inc -I../../Drivers/CMSIS/Device/ST/STM32F4xx/Include -I../../Drivers/STM32F4xx_HAL_Driver/Inc -I../../Drivers/BSP/STM32469I-Discovery -I../../Drivers/BSP/Components/ft6x06 -I../../Drivers/BSP/Components/Common -I../../Drivers/BSP/Components -I../../Utilities -I../../Utilities/Fonts -I../../Middlewares/Third_Party/FatFs/src -I../../Drivers/CMSIS/Include -O0 -ffunction-sections -fdata-sections -Wall -fstack-usage -fcyclomatic-complexity -MMD -MP -MF"Drivers/STM32F4xx_HAL_Driver/stm32f4xx_hal_sram.d" -MT"Drivers/STM32F4xx_HAL_Driver/stm32f4xx_hal_sram.o" --specs=nano.specs -mfpu=fpv4-sp-d16 -mfloat-abi=hard -mthumb -o "Drivers/STM32F4xx_HAL_Driver/stm32f4xx_hal_sram.o"
arm-none-eabi-gcc "D:/Projets/STM32/BingOptik/Drivers/STM32F4xx_HAL_Driver/Src/stm32f4xx_hal_uart.c" -mcpu=cortex-m4 -std=gnu11 -g3 -DDEBUG -DUSE_STM32469I_DISCOVERY -DUSE_HAL_DRIVER -DUSE_STM32469I_DISCO_REVC -DSTM32F469xx -DTS_MULTI_TOUCH_SUPPORTED -c -I../../Inc -I../../Drivers/CMSIS/Device/ST/STM32F4xx/Include -I../../Drivers/STM32F4xx_HAL_Driver/Inc -I../../Drivers/BSP/STM32469I-Discovery -I../../Drivers/BSP/Components/ft6x06 -I../../Drivers/BSP/Components/Common -I../../Drivers/BSP/Components -I../../Utilities -I../../Utilities/Fonts -I../../Middlewares/Third_Party/FatFs/src -I../../Drivers/CMSIS/Include -O0 -ffunction-sections -fdata-sections -Wall -fstack-usage -fcyclomatic-complexity -MMD -MP -MF"Drivers/STM32F4xx_HAL_Driver/stm32f4xx_hal_uart.d" -MT"Drivers/STM32F4xx_HAL_Driver/stm32f4xx_hal_uart.o" --specs=nano.specs -mfpu=fpv4-sp-d16 -mfloat-abi=hard -mthumb -o "Drivers/STM32F4xx_HAL_Driver/stm32f4xx_hal_uart.o"
arm-none-eabi-gcc "D:/Projets/STM32/BingOptik/Drivers/STM32F4xx_HAL_Driver/Src/stm32f4xx_ll_fmc.c" -mcpu=cortex-m4 -std=gnu11 -g3 -DDEBUG -DUSE_STM32469I_DISCOVERY -DUSE_HAL_DRIVER -DUSE_STM32469I_DISCO_REVC -DSTM32F469xx -DTS_MULTI_TOUCH_SUPPORTED -c -I../../Inc -I../../Drivers/CMSIS/Device/ST/STM32F4xx/Include -I../../Drivers/STM32F4xx_HAL_Driver/Inc -I../../Drivers/BSP/STM32469I-Discovery -I../../Drivers/BSP/Components/ft6x06 -I../../Drivers/BSP/Components/Common -I../../Drivers/BSP/Components -I../../Utilities -I../../Utilities/Fonts -I../../Middlewares/Third_Party/FatFs/src -I../../Drivers/CMSIS/Include -O0 -ffunction-sections -fdata-sections -Wall -fstack-usage -fcyclomatic-complexity -MMD -MP -MF"Drivers/STM32F4xx_HAL_Driver/stm32f4xx_ll_fmc.d" -MT"Drivers/STM32F4xx_HAL_Driver/stm32f4xx_ll_fmc.o" --specs=nano.specs -mfpu=fpv4-sp-d16 -mfloat-abi=hard -mthumb -o "Drivers/STM32F4xx_HAL_Driver/stm32f4xx_ll_fmc.o"
arm-none-eabi-gcc "D:/Projets/STM32/BingOptik/Drivers/STM32F4xx_HAL_Driver/Src/stm32f4xx_ll_sdmmc.c" -mcpu=cortex-m4 -std=gnu11 -g3 -DDEBUG -DUSE_STM32469I_DISCOVERY -DUSE_HAL_DRIVER -DUSE_STM32469I_DISCO_REVC -DSTM32F469xx -DTS_MULTI_TOUCH_SUPPORTED -c -I../../Inc -I../../Drivers/CMSIS/Device/ST/STM32F4xx/Include -I../../Drivers/STM32F4xx_HAL_Driver/Inc -I../../Drivers/BSP/STM32469I-Discovery -I../../Drivers/BSP/Components/ft6x06 -I../../Drivers/BSP/Components/Common -I../../Drivers/BSP/Components -I../../Utilities -I../../Utilities/Fonts -I../../Middlewares/Third_Party/FatFs/src -I../../Drivers/CMSIS/Include -O0 -ffunction-sections -fdata-sections -Wall -fstack-usage -fcyclomatic-complexity -MMD -MP -MF"Drivers/STM32F4xx_HAL_Driver/stm32f4xx_ll_sdmmc.d" -MT"Drivers/STM32F4xx_HAL_Driver/stm32f4xx_ll_sdmmc.o" --specs=nano.specs -mfpu=fpv4-sp-d16 -mfloat-abi=hard -mthumb -o "Drivers/STM32F4xx_HAL_Driver/stm32f4xx_ll_sdmmc.o"
arm-none-eabi-gcc "D:/Projets/STM32/BingOptik/Src/system_stm32f4xx.c" -mcpu=cortex-m4 -std=gnu11 -g3 -DDEBUG -DUSE_STM32469I_DISCOVERY -DUSE_HAL_DRIVER -DUSE_STM32469I_DISCO_REVC -DSTM32F469xx -DTS_MULTI_TOUCH_SUPPORTED -c -I../../Inc -I../../Drivers/CMSIS/Device/ST/STM32F4xx/Include -I../../Drivers/STM32F4xx_HAL_Driver/Inc -I../../Drivers/BSP/STM32469I-Discovery -I../../Drivers/BSP/Components/ft6x06 -I../../Drivers/BSP/Components/Common -I../../Drivers/BSP/Components -I../../Utilities -I../../Utilities/Fonts -I../../Middlewares/Third_Party/FatFs/src -I../../Drivers/CMSIS/Include -O0 -ffunction-sections -fdata-sections -Wall -fstack-usage -fcyclomatic-complexity -MMD -MP -MF"Drivers/CMSIS/system_stm32f4xx.d" -MT"Drivers/CMSIS/system_stm32f4xx.o" --specs=nano.specs -mfpu=fpv4-sp-d16 -mfloat-abi=hard -mthumb -o "Drivers/CMSIS/system_stm32f4xx.o"
arm-none-eabi-gcc "D:/Projets/STM32/BingOptik/Drivers/BSP/STM32469I-Discovery/stm32469i_discovery.c" -mcpu=cortex-m4 -std=gnu11 -g3 -DDEBUG -DUSE_STM32469I_DISCOVERY -DUSE_HAL_DRIVER -DUSE_STM32469I_DISCO_REVC -DSTM32F469xx -DTS_MULTI_TOUCH_SUPPORTED -c -I../../Inc -I../../Drivers/CMSIS/Device/ST/STM32F4xx/Include -I../../Drivers/STM32F4xx_HAL_Driver/Inc -I../../Drivers/BSP/STM32469I-Discovery -I../../Drivers/BSP/Components/ft6x06 -I../../Drivers/BSP/Components/Common -I../../Drivers/BSP/Components -I../../Utilities -I../../Utilities/Fonts -I../../Middlewares/Third_Party/FatFs/src -I../../Drivers/CMSIS/Include -O0 -ffunction-sections -fdata-sections -Wall -fstack-usage -fcyclomatic-complexity -MMD -MP -MF"Drivers/BSP/STM32469I-Discovery/stm32469i_discovery.d" -MT"Drivers/BSP/STM32469I-Discovery/stm32469i_discovery.o" --specs=nano.specs -mfpu=fpv4-sp-d16 -mfloat-abi=hard -mthumb -o "Drivers/BSP/STM32469I-Discovery/stm32469i_discovery.o"
arm-none-eabi-gcc "D:/Projets/STM32/BingOptik/Drivers/BSP/STM32469I-Discovery/stm32469i_discovery_lcd.c" -mcpu=cortex-m4 -std=gnu11 -g3 -DDEBUG -DUSE_STM32469I_DISCOVERY -DUSE_HAL_DRIVER -DUSE_STM32469I_DISCO_REVC -DSTM32F469xx -DTS_MULTI_TOUCH_SUPPORTED -c -I../../Inc -I../../Drivers/CMSIS/Device/ST/STM32F4xx/Include -I../../Drivers/STM32F4xx_HAL_Driver/Inc -I../../Drivers/BSP/STM32469I-Discovery -I../../Drivers/BSP/Components/ft6x06 -I../../Drivers/BSP/Components/Common -I../../Drivers/BSP/Components -I../../Utilities -I../../Utilities/Fonts -I../../Middlewares/Third_Party/FatFs/src -I../../Drivers/CMSIS/Include -O0 -ffunction-sections -fdata-sections -Wall -fstack-usage -fcyclomatic-complexity -MMD -MP -MF"Drivers/BSP/STM32469I-Discovery/stm32469i_discovery_lcd.d" -MT"Drivers/BSP/STM32469I-Discovery/stm32469i_discovery_lcd.o" --specs=nano.specs -mfpu=fpv4-sp-d16 -mfloat-abi=hard -mthumb -o "Drivers/BSP/STM32469I-Discovery/stm32469i_discovery_lcd.o"
arm-none-eabi-gcc "D:/Projets/STM32/BingOptik/Drivers/BSP/STM32469I-Discovery/stm32469i_discovery_sd.c" -mcpu=cortex-m4 -std=gnu11 -g3 -DDEBUG -DUSE_STM32469I_DISCOVERY -DUSE_HAL_DRIVER -DUSE_STM32469I_DISCO_REVC -DSTM32F469xx -DTS_MULTI_TOUCH_SUPPORTED -c -I../../Inc -I../../Drivers/CMSIS/Device/ST/STM32F4xx/Include -I../../Drivers/STM32F4xx_HAL_Driver/Inc -I../../Drivers/BSP/STM32469I-Discovery -I../../Drivers/BSP/Components/ft6x06 -I../../Drivers/BSP/Components/Common -I../../Drivers/BSP/Components -I../../Utilities -I../../Utilities/Fonts -I../../Middlewares/Third_Party/FatFs/src -I../../Drivers/CMSIS/Include -O0 -ffunction-sections -fdata-sections -Wall -fstack-usage -fcyclomatic-complexity -MMD -MP -MF"Drivers/BSP/STM32469I-Discovery/stm32469i_discovery_sd.d" -MT"Drivers/BSP/STM32469I-Discovery/stm32469i_discovery_sd.o" --specs=nano.specs -mfpu=fpv4-sp-d16 -mfloat-abi=hard -mthumb -o "Drivers/BSP/STM32469I-Discovery/stm32469i_discovery_sd.o"
arm-none-eabi-gcc "D:/Projets/STM32/BingOptik/Drivers/BSP/STM32469I-Discovery/stm32469i_discovery_sdram.c" -mcpu=cortex-m4 -std=gnu11 -g3 -DDEBUG -DUSE_STM32469I_DISCOVERY -DUSE_HAL_DRIVER -DUSE_STM32469I_DISCO_REVC -DSTM32F469xx -DTS_MULTI_TOUCH_SUPPORTED -c -I../../Inc -I../../Drivers/CMSIS/Device/ST/STM32F4xx/Include -I../../Drivers/STM32F4xx_HAL_Driver/Inc -I../../Drivers/BSP/STM32469I-Discovery -I../../Drivers/BSP/Components/ft6x06 -I../../Drivers/BSP/Components/Common -I../../Drivers/BSP/Components -I../../Utilities -I../../Utilities/Fonts -I../../Middlewares/Third_Party/FatFs/src -I../../Drivers/CMSIS/Include -O0 -ffunction-sections -fdata-sections -Wall -fstack-usage -fcyclomatic-complexity -MMD -MP -MF"Drivers/BSP/STM32469I-Discovery/stm32469i_discovery_sdram.d" -MT"Drivers/BSP/STM32469I-Discovery/stm32469i_discovery_sdram.o" --specs=nano.specs -mfpu=fpv4-sp-d16 -mfloat-abi=hard -mthumb -o "Drivers/BSP/STM32469I-Discovery/stm32469i_discovery_sdram.o"
arm-none-eabi-gcc "D:/Projets/STM32/BingOptik/Drivers/BSP/STM32469I-Discovery/stm32469i_discovery_ts.c" -mcpu=cortex-m4 -std=gnu11 -g3 -DDEBUG -DUSE_STM32469I_DISCOVERY -DUSE_HAL_DRIVER -DUSE_STM32469I_DISCO_REVC -DSTM32F469xx -DTS_MULTI_TOUCH_SUPPORTED -c -I../../Inc -I../../Drivers/CMSIS/Device/ST/STM32F4xx/Include -I../../Drivers/STM32F4xx_HAL_Driver/Inc -I../../Drivers/BSP/STM32469I-Discovery -I../../Drivers/BSP/Components/ft6x06 -I../../Drivers/BSP/Components/Common -I../../Drivers/BSP/Components -I../../Utilities -I../../Utilities/Fonts -I../../Middlewares/Third_Party/FatFs/src -I../../Drivers/CMSIS/Include -O0 -ffunction-sections -fdata-sections -Wall -fstack-usage -fcyclomatic-complexity -MMD -MP -MF"Drivers/BSP/STM32469I-Discovery/stm32469i_discovery_ts.d" -MT"Drivers/BSP/STM32469I-Discovery/stm32469i_discovery_ts.o" --specs=nano.specs -mfpu=fpv4-sp-d16 -mfloat-abi=hard -mthumb -o "Drivers/BSP/STM32469I-Discovery/stm32469i_discovery_ts.o"
arm-none-eabi-gcc "D:/Projets/STM32/BingOptik/Drivers/BSP/Components/ft6x06/ft6x06.c" -mcpu=cortex-m4 -std=gnu11 -g3 -DDEBUG -DUSE_STM32469I_DISCOVERY -DUSE_HAL_DRIVER -DUSE_STM32469I_DISCO_REVC -DSTM32F469xx -DTS_MULTI_TOUCH_SUPPORTED -c -I../../Inc -I../../Drivers/CMSIS/Device/ST/STM32F4xx/Include -I../../Drivers/STM32F4xx_HAL_Driver/Inc -I../../Drivers/BSP/STM32469I-Discovery -I../../Drivers/BSP/Components/ft6x06 -I../../Drivers/BSP/Components/Common -I../../Drivers/BSP/Components -I../../Utilities -I../../Utilities/Fonts -I../../Middlewares/Third_Party/FatFs/src -I../../Drivers/CMSIS/Include -O0 -ffunction-sections -fdata-sections -Wall -fstack-usage -fcyclomatic-complexity -MMD -MP -MF"Drivers/BSP/Components/ft6x06.d" -MT"Drivers/BSP/Components/ft6x06.o" --specs=nano.specs -mfpu=fpv4-sp-d16 -mfloat-abi=hard -mthumb -o "Drivers/BSP/Components/ft6x06.o"
arm-none-eabi-gcc "D:/Projets/STM32/BingOptik/Drivers/BSP/Components/nt35510/nt35510.c" -mcpu=cortex-m4 -std=gnu11 -g3 -DDEBUG -DUSE_STM32469I_DISCOVERY -DUSE_HAL_DRIVER -DUSE_STM32469I_DISCO_REVC -DSTM32F469xx -DTS_MULTI_TOUCH_SUPPORTED -c -I../../Inc -I../../Drivers/CMSIS/Device/ST/STM32F4xx/Include -I../../Drivers/STM32F4xx_HAL_Driver/Inc -I../../Drivers/BSP/STM32469I-Discovery -I../../Drivers/BSP/Components/ft6x06 -I../../Drivers/BSP/Components/Common -I../../Drivers/BSP/Components -I../../Utilities -I../../Utilities/Fonts -I../../Middlewares/Third_Party/FatFs/src -I../../Drivers/CMSIS/Include -O0 -ffunction-sections -fdata-sections -Wall -fstack-usage -fcyclomatic-complexity -MMD -MP -MF"Drivers/BSP/Components/nt35510.d" -MT"Drivers/BSP/Components/nt35510.o" --specs=nano.specs -mfpu=fpv4-sp-d16 -mfloat-abi=hard -mthumb -o "Drivers/BSP/Components/nt35510.o"
arm-none-eabi-gcc "D:/Projets/STM32/BingOptik/Drivers/BSP/Components/otm8009a/otm8009a.c" -mcpu=cortex-m4 -std=gnu11 -g3 -DDEBUG -DUSE_STM32469I_DISCOVERY -DUSE_HAL_DRIVER -DUSE_STM32469I_DISCO_REVC -DSTM32F469xx -DTS_MULTI_TOUCH_SUPPORTED -c -I../../Inc -I../../Drivers/CMSIS/Device/ST/STM32F4xx/Include -I../../Drivers/STM32F4xx_HAL_Driver/Inc -I../../Drivers/BSP/STM32469I-Discovery -I../../Drivers/BSP/Components/ft6x06 -I../../Drivers/BSP/Components/Common -I../../Drivers/BSP/Components -I../../Utilities -I../../Utilities/Fonts -I../../Middlewares/Third_Party/FatFs/src -I../../Drivers/CMSIS/Include -O0 -ffunction-sections -fdata-sections -Wall -fstack-usage -fcyclomatic-complexity -MMD -MP -MF"Drivers/BSP/Components/otm8009a.d" -MT"Drivers/BSP/Components/otm8009a.o" --specs=nano.specs -mfpu=fpv4-sp-d16 -mfloat-abi=hard -mthumb -o "Drivers/BSP/Components/otm8009a.o"
arm-none-eabi-gcc "D:/Projets/STM32/BingOptik/Src/main.c" -mcpu=cortex-m4 -std=gnu11 -g3 -DDEBUG -DUSE_STM32469I_DISCOVERY -DUSE_HAL_DRIVER -DUSE_STM32469I_DISCO_REVC -DSTM32F469xx -DTS_MULTI_TOUCH_SUPPORTED -c -I../../Inc -I../../Drivers/CMSIS/Device/ST/STM32F4xx/Include -I../../Drivers/STM32F4xx_HAL_Driver/Inc -I../../Drivers/BSP/STM32469I-Discovery -I../../Drivers/BSP/Components/ft6x06 -I../../Drivers/BSP/Components/Common -I../../Drivers/BSP/Components -I../../Utilities -I../../Utilities/Fonts -I../../Middlewares/Third_Party/FatFs/src -I../../Drivers/CMSIS/Include -O0 -ffunction-sections -fdata-sections -Wall -fstack-usage -fcyclomatic-complexity -MMD -MP -MF"Application/User/main.d" -MT"Application/User/main.o" --specs=nano.specs -mfpu=fpv4-sp-d16 -mfloat-abi=hard -mthumb -o "Application/User/main.o"
arm-none-eabi-gcc "D:/Projets/STM32/BingOptik/Src/stm32f4xx_it.c" -mcpu=cortex-m4 -std=gnu11 -g3 -DDEBUG -DUSE_STM32469I_DISCOVERY -DUSE_HAL_DRIVER -DUSE_STM32469I_DISCO_REVC -DSTM32F469xx -DTS_MULTI_TOUCH_SUPPORTED -c -I../../Inc -I../../Drivers/CMSIS/Device/ST/STM32F4xx/Include -I../../Drivers/STM32F4xx_HAL_Driver/Inc -I../../Drivers/BSP/STM32469I-Discovery -I../../Drivers/BSP/Components/ft6x06 -I../../Drivers/BSP/Components/Common -I../../Drivers/BSP/Components -I../../Utilities -I../../Utilities/Fonts -I../../Middlewares/Third_Party/FatFs/src -I../../Drivers/CMSIS/Include -O0 -ffunction-sections -fdata-sections -Wall -fstack-usage -fcyclomatic-complexity -MMD -MP -MF"Application/User/stm32f4xx_it.d" -MT"Application/User/stm32f4xx_it.o" --specs=nano.specs -mfpu=fpv4-sp-d16 -mfloat-abi=hard -mthumb -o "Application/User/stm32f4xx_it.o"
arm-none-eabi-gcc "../Application/User/syscalls.c" -mcpu=cortex-m4 -std=gnu11 -g3 -DDEBUG -DUSE_STM32469I_DISCOVERY -DUSE_HAL_DRIVER -DUSE_STM32469I_DISCO_REVC -DSTM32F469xx -DTS_MULTI_TOUCH_SUPPORTED -c -I../../Inc -I../../Drivers/CMSIS/Device/ST/STM32F4xx/Include -I../../Drivers/STM32F4xx_HAL_Driver/Inc -I../../Drivers/BSP/STM32469I-Discovery -I../../Drivers/BSP/Components/ft6x06 -I../../Drivers/BSP/Components/Common -I../../Drivers/BSP/Components -I../../Utilities -I../../Utilities/Fonts -I../../Middlewares/Third_Party/FatFs/src -I../../Drivers/CMSIS/Include -O0 -ffunction-sections -fdata-sections -Wall -fstack-usage -fcyclomatic-complexity -MMD -MP -MF"Application/User/syscalls.d" -MT"Application/User/syscalls.o" --specs=nano.specs -mfpu=fpv4-sp-d16 -mfloat-abi=hard -mthumb -o "Application/User/syscalls.o"
arm-none-eabi-gcc "../Application/User/sysmem.c" -mcpu=cortex-m4 -std=gnu11 -g3 -DDEBUG -DUSE_STM32469I_DISCOVERY -DUSE_HAL_DRIVER -DUSE_STM32469I_DISCO_REVC -DSTM32F469xx -DTS_MULTI_TOUCH_SUPPORTED -c -I../../Inc -I../../Drivers/CMSIS/Device/ST/STM32F4xx/Include -I../../Drivers/STM32F4xx_HAL_Driver/Inc -I../../Drivers/BSP/STM32469I-Discovery -I../../Drivers/BSP/Components/ft6x06 -I../../Drivers/BSP/Components/Common -I../../Drivers/BSP/Components -I../../Utilities -I../../Utilities/Fonts -I../../Middlewares/Third_Party/FatFs/src -I../../Drivers/CMSIS/Include -O0 -ffunction-sections -fdata-sections -Wall -fstack-usage -fcyclomatic-complexity -MMD -MP -MF"Application/User/sysmem.d" -MT"Application/User/sysmem.o" --specs=nano.specs -mfpu=fpv4-sp-d16 -mfloat-abi=hard -mthumb -o "Application/User/sysmem.o"
arm-none-eabi-gcc "D:/Projets/STM32/BingOptik/Src/ts_calibration.c" -mcpu=cortex-m4 -std=gnu11 -g3 -DDEBUG -DUSE_STM32469I_DISCOVERY -DUSE_HAL_DRIVER -DUSE_STM32469I_DISCO_REVC -DSTM32F469xx -DTS_MULTI_TOUCH_SUPPORTED -c -I../../Inc -I../../Drivers/CMSIS/Device/ST/STM32F4xx/Include -I../../Drivers/STM32F4xx_HAL_Driver/Inc -I../../Drivers/BSP/STM32469I-Discovery -I../../Drivers/BSP/Components/ft6x06 -I../../Drivers/BSP/Components/Common -I../../Drivers/BSP/Components -I../../Utilities -I../../Utilities/Fonts -I../../Middlewares/Third_Party/FatFs/src -I../../Drivers/CMSIS/Include -O0 -ffunction-sections -fdata-sections -Wall -fstack-usage -fcyclomatic-complexity -MMD -MP -MF"Application/User/ts_calibration.d" -MT"Application/User/ts_calibration.o" --specs=nano.specs -mfpu=fpv4-sp-d16 -mfloat-abi=hard -mthumb -o "Application/User/ts_calibration.o"
arm-none-eabi-gcc -mcpu=cortex-m4 -g3 -DDEBUG -c -x assembler-with-cpp -MMD -MP -MF"Application/Startup/startup_stm32f469nihx.d" -MT"Application/Startup/startup_stm32f469nihx.o" --specs=nano.specs -mfpu=fpv4-sp-d16 -mfloat-abi=hard -mthumb -o "Application/Startup/startup_stm32f469nihx.o" "../Application/Startup/startup_stm32f469nihx.s"
D:/Projets/STM32/BingOptik/Src/main.c: In function 'main':
D:/Projets/STM32/BingOptik/Src/main.c:186:22: warning: passing argument 1 of 'Draw_Image' from incompatible pointer type [-Wincompatible-pointer-types]
  186 |           Draw_Image(&im1_1, LCD_COLOR_BLUE);
      |                      ^~~~~~
      |                      |
      |                      const volatile uint8_t (*)[3000] {aka const volatile unsigned char (*)[3000]}
D:/Projets/STM32/BingOptik/Src/main.c:78:48: note: expected 'const volatile uint8_t *' {aka 'const volatile unsigned char *'} but argument is of type 'const volatile uint8_t (*)[3000]' {aka 'const volatile unsigned char (*)[3000]'}
   78 | static void Draw_Image(const volatile uint8_t *pbmp, uint32_t color);
      |                        ~~~~~~~~~~~~~~~~~~~~~~~~^~~~
D:/Projets/STM32/BingOptik/Src/main.c:189:22: warning: passing argument 1 of 'Draw_Image' from incompatible pointer type [-Wincompatible-pointer-types]
  189 |           Draw_Image(&im2_1, LCD_COLOR_BLUE);
      |                      ^~~~~~
      |                      |
      |                      const volatile uint8_t (*)[3000] {aka const volatile unsigned char (*)[3000]}
D:/Projets/STM32/BingOptik/Src/main.c:78:48: note: expected 'const volatile uint8_t *' {aka 'const volatile unsigned char *'} but argument is of type 'const volatile uint8_t (*)[3000]' {aka 'const volatile unsigned char (*)[3000]'}
   78 | static void Draw_Image(const volatile uint8_t *pbmp, uint32_t color);
      |                        ~~~~~~~~~~~~~~~~~~~~~~~~^~~~
D:/Projets/STM32/BingOptik/Src/main.c:192:22: warning: passing argument 1 of 'Draw_Image' from incompatible pointer type [-Wincompatible-pointer-types]
  192 |           Draw_Image(&im3_1, LCD_COLOR_RED);
      |                      ^~~~~~
      |                      |
      |                      const volatile uint8_t (*)[3000] {aka const volatile unsigned char (*)[3000]}
D:/Projets/STM32/BingOptik/Src/main.c:78:48: note: expected 'const volatile uint8_t *' {aka 'const volatile unsigned char *'} but argument is of type 'const volatile uint8_t (*)[3000]' {aka 'const volatile unsigned char (*)[3000]'}
   78 | static void Draw_Image(const volatile uint8_t *pbmp, uint32_t color);
      |                        ~~~~~~~~~~~~~~~~~~~~~~~~^~~~
D:/Projets/STM32/BingOptik/Src/main.c:195:22: warning: passing argument 1 of 'Draw_Image' from incompatible pointer type [-Wincompatible-pointer-types]
  195 |           Draw_Image(&im4_1, LCD_COLOR_MAGENTA);
      |                      ^~~~~~
      |                      |
      |                      const volatile uint8_t (*)[3000] {aka const volatile unsigned char (*)[3000]}
D:/Projets/STM32/BingOptik/Src/main.c:78:48: note: expected 'const volatile uint8_t *' {aka 'const volatile unsigned char *'} but argument is of type 'const volatile uint8_t (*)[3000]' {aka 'const volatile unsigned char (*)[3000]'}
   78 | static void Draw_Image(const volatile uint8_t *pbmp, uint32_t color);
      |                        ~~~~~~~~~~~~~~~~~~~~~~~~^~~~
D:/Projets/STM32/BingOptik/Src/main.c:198:22: warning: passing argument 1 of 'Draw_Image' from incompatible pointer type [-Wincompatible-pointer-types]
  198 |           Draw_Image(&im5_1, LCD_COLOR_BLUE);
      |                      ^~~~~~
      |                      |
      |                      const volatile uint8_t (*)[3000] {aka const volatile unsigned char (*)[3000]}
D:/Projets/STM32/BingOptik/Src/main.c:78:48: note: expected 'const volatile uint8_t *' {aka 'const volatile unsigned char *'} but argument is of type 'const volatile uint8_t (*)[3000]' {aka 'const volatile unsigned char (*)[3000]'}
   78 | static void Draw_Image(const volatile uint8_t *pbmp, uint32_t color);
      |                        ~~~~~~~~~~~~~~~~~~~~~~~~^~~~
D:/Projets/STM32/BingOptik/Src/main.c:201:22: warning: passing argument 1 of 'Draw_Image' from incompatible pointer type [-Wincompatible-pointer-types]
  201 |           Draw_Image(&im6_1, LCD_COLOR_BLUE);
      |                      ^~~~~~
      |                      |
      |                      const volatile uint8_t (*)[3000] {aka const volatile unsigned char (*)[3000]}
D:/Projets/STM32/BingOptik/Src/main.c:78:48: note: expected 'const volatile uint8_t *' {aka 'const volatile unsigned char *'} but argument is of type 'const volatile uint8_t (*)[3000]' {aka 'const volatile unsigned char (*)[3000]'}
   78 | static void Draw_Image(const volatile uint8_t *pbmp, uint32_t color);
      |                        ~~~~~~~~~~~~~~~~~~~~~~~~^~~~
D:/Projets/STM32/BingOptik/Src/main.c:204:22: warning: passing argument 1 of 'Draw_Image' from incompatible pointer type [-Wincompatible-pointer-types]
  204 |           Draw_Image(&im7_1, LCD_COLOR_BLUE);
      |                      ^~~~~~
      |                      |
      |                      const volatile uint8_t (*)[3000] {aka const volatile unsigned char (*)[3000]}
D:/Projets/STM32/BingOptik/Src/main.c:78:48: note: expected 'const volatile uint8_t *' {aka 'const volatile unsigned char *'} but argument is of type 'const volatile uint8_t (*)[3000]' {aka 'const volatile unsigned char (*)[3000]'}
   78 | static void Draw_Image(const volatile uint8_t *pbmp, uint32_t color);
      |                        ~~~~~~~~~~~~~~~~~~~~~~~~^~~~
D:/Projets/STM32/BingOptik/Src/main.c:207:22: warning: passing argument 1 of 'Draw_Image' from incompatible pointer type [-Wincompatible-pointer-types]
  207 |           Draw_Image(&im8_1, LCD_COLOR_BLUE);
      |                      ^~~~~~
      |                      |
      |                      const volatile uint8_t (*)[3000] {aka const volatile unsigned char (*)[3000]}
D:/Projets/STM32/BingOptik/Src/main.c:78:48: note: expected 'const volatile uint8_t *' {aka 'const volatile unsigned char *'} but argument is of type 'const volatile uint8_t (*)[3000]' {aka 'const volatile unsigned char (*)[3000]'}
   78 | static void Draw_Image(const volatile uint8_t *pbmp, uint32_t color);
      |                        ~~~~~~~~~~~~~~~~~~~~~~~~^~~~
D:/Projets/STM32/BingOptik/Src/main.c:210:22: warning: passing argument 1 of 'Draw_Image' from incompatible pointer type [-Wincompatible-pointer-types]
  210 |           Draw_Image(&im9_1, LCD_COLOR_BLUE);
      |                      ^~~~~~
      |                      |
      |                      const volatile uint8_t (*)[3000] {aka const volatile unsigned char (*)[3000]}
D:/Projets/STM32/BingOptik/Src/main.c:78:48: note: expected 'const volatile uint8_t *' {aka 'const volatile unsigned char *'} but argument is of type 'const volatile uint8_t (*)[3000]' {aka 'const volatile unsigned char (*)[3000]'}
   78 | static void Draw_Image(const volatile uint8_t *pbmp, uint32_t color);
      |                        ~~~~~~~~~~~~~~~~~~~~~~~~^~~~
D:/Projets/STM32/BingOptik/Src/main.c: In function 'Draw_LEnsE':
D:/Projets/STM32/BingOptik/Src/main.c:313:19: warning: passing argument 1 of 'Draw_Logo' from incompatible pointer type [-Wincompatible-pointer-types]
  313 |         Draw_Logo(&imlogo_lense_0_0, LCD_COLOR_ORANGE, 1*200, 2*120);
      |                   ^~~~~~~~~~~~~~~~~
      |                   |
      |                   const volatile uint8_t (*)[3000] {aka const volatile unsigned char (*)[3000]}
D:/Projets/STM32/BingOptik/Src/main.c:277:47: note: expected 'const volatile uint8_t *' {aka 'const volatile unsigned char *'} but argument is of type 'const volatile uint8_t (*)[3000]' {aka 'const volatile unsigned char (*)[3000]'}
  277 | static void Draw_Logo(const volatile uint8_t *pbmp, uint32_t color, int x, int y)
      |                       ~~~~~~~~~~~~~~~~~~~~~~~~^~~~
D:/Projets/STM32/BingOptik/Src/main.c:314:19: warning: passing argument 1 of 'Draw_Logo' from incompatible pointer type [-Wincompatible-pointer-types]
  314 |         Draw_Logo(&imlogo_lense_0_200, LCD_COLOR_ORANGE, 2*200, 2*120);
      |                   ^~~~~~~~~~~~~~~~~~~
      |                   |
      |                   const volatile uint8_t (*)[3000] {aka const volatile unsigned char (*)[3000]}
D:/Projets/STM32/BingOptik/Src/main.c:277:47: note: expected 'const volatile uint8_t *' {aka 'const volatile unsigned char *'} but argument is of type 'const volatile uint8_t (*)[3000]' {aka 'const volatile unsigned char (*)[3000]'}
  277 | static void Draw_Logo(const volatile uint8_t *pbmp, uint32_t color, int x, int y)
      |                       ~~~~~~~~~~~~~~~~~~~~~~~~^~~~
D:/Projets/STM32/BingOptik/Src/main.c:315:19: warning: passing argument 1 of 'Draw_Logo' from incompatible pointer type [-Wincompatible-pointer-types]
  315 |         Draw_Logo(&imlogo_lense_120_0, LCD_COLOR_ORANGE, 1*200, 3*120);
      |                   ^~~~~~~~~~~~~~~~~~~
      |                   |
      |                   const volatile uint8_t (*)[3000] {aka const volatile unsigned char (*)[3000]}
D:/Projets/STM32/BingOptik/Src/main.c:277:47: note: expected 'const volatile uint8_t *' {aka 'const volatile unsigned char *'} but argument is of type 'const volatile uint8_t (*)[3000]' {aka 'const volatile unsigned char (*)[3000]'}
  277 | static void Draw_Logo(const volatile uint8_t *pbmp, uint32_t color, int x, int y)
      |                       ~~~~~~~~~~~~~~~~~~~~~~~~^~~~
D:/Projets/STM32/BingOptik/Src/main.c:316:19: warning: passing argument 1 of 'Draw_Logo' from incompatible pointer type [-Wincompatible-pointer-types]
  316 |         Draw_Logo(&imlogo_lense_120_200, LCD_COLOR_ORANGE, 2*200, 3*120);
      |                   ^~~~~~~~~~~~~~~~~~~~~
      |                   |
      |                   const volatile uint8_t (*)[3000] {aka const volatile unsigned char (*)[3000]}
D:/Projets/STM32/BingOptik/Src/main.c:277:47: note: expected 'const volatile uint8_t *' {aka 'const volatile unsigned char *'} but argument is of type 'const volatile uint8_t (*)[3000]' {aka 'const volatile unsigned char (*)[3000]'}
  277 | static void Draw_Logo(const volatile uint8_t *pbmp, uint32_t color, int x, int y)
      |                       ~~~~~~~~~~~~~~~~~~~~~~~~^~~~
D:/Projets/STM32/BingOptik/Src/main.c: In function 'Draw_Bingo':
D:/Projets/STM32/BingOptik/Src/main.c:320:19: warning: passing argument 1 of 'Draw_Logo' from incompatible pointer type [-Wincompatible-pointer-types]
  320 |         Draw_Logo(&imlogo_bingo_0_0, color, 0, 0);
      |                   ^~~~~~~~~~~~~~~~~
      |                   |
      |                   const volatile uint8_t (*)[3000] {aka const volatile unsigned char (*)[3000]}
D:/Projets/STM32/BingOptik/Src/main.c:277:47: note: expected 'const volatile uint8_t *' {aka 'const volatile unsigned char *'} but argument is of type 'const volatile uint8_t (*)[3000]' {aka 'const volatile unsigned char (*)[3000]'}
  277 | static void Draw_Logo(const volatile uint8_t *pbmp, uint32_t color, int x, int y)
      |                       ~~~~~~~~~~~~~~~~~~~~~~~~^~~~
D:/Projets/STM32/BingOptik/Src/main.c:321:19: warning: passing argument 1 of 'Draw_Logo' from incompatible pointer type [-Wincompatible-pointer-types]
  321 |         Draw_Logo(&imlogo_bingo_0_200, color, 200, 0);
      |                   ^~~~~~~~~~~~~~~~~~~
      |                   |
      |                   const volatile uint8_t (*)[3000] {aka const volatile unsigned char (*)[3000]}
D:/Projets/STM32/BingOptik/Src/main.c:277:47: note: expected 'const volatile uint8_t *' {aka 'const volatile unsigned char *'} but argument is of type 'const volatile uint8_t (*)[3000]' {aka 'const volatile unsigned char (*)[3000]'}
  277 | static void Draw_Logo(const volatile uint8_t *pbmp, uint32_t color, int x, int y)
      |                       ~~~~~~~~~~~~~~~~~~~~~~~~^~~~
D:/Projets/STM32/BingOptik/Src/main.c:322:19: warning: passing argument 1 of 'Draw_Logo' from incompatible pointer type [-Wincompatible-pointer-types]
  322 |         Draw_Logo(&imlogo_bingo_0_400, color, 400, 0);
      |                   ^~~~~~~~~~~~~~~~~~~
      |                   |
      |                   const volatile uint8_t (*)[3000] {aka const volatile unsigned char (*)[3000]}
D:/Projets/STM32/BingOptik/Src/main.c:277:47: note: expected 'const volatile uint8_t *' {aka 'const volatile unsigned char *'} but argument is of type 'const volatile uint8_t (*)[3000]' {aka 'const volatile unsigned char (*)[3000]'}
  277 | static void Draw_Logo(const volatile uint8_t *pbmp, uint32_t color, int x, int y)
      |                       ~~~~~~~~~~~~~~~~~~~~~~~~^~~~
D:/Projets/STM32/BingOptik/Src/main.c:323:19: warning: passing argument 1 of 'Draw_Logo' from incompatible pointer type [-Wincompatible-pointer-types]
  323 |         Draw_Logo(&imlogo_bingo_0_600, color, 600, 0);
      |                   ^~~~~~~~~~~~~~~~~~~
      |                   |
      |                   const volatile uint8_t (*)[3000] {aka const volatile unsigned char (*)[3000]}
D:/Projets/STM32/BingOptik/Src/main.c:277:47: note: expected 'const volatile uint8_t *' {aka 'const volatile unsigned char *'} but argument is of type 'const volatile uint8_t (*)[3000]' {aka 'const volatile unsigned char (*)[3000]'}
  277 | static void Draw_Logo(const volatile uint8_t *pbmp, uint32_t color, int x, int y)
      |                       ~~~~~~~~~~~~~~~~~~~~~~~~^~~~
D:/Projets/STM32/BingOptik/Src/main.c:324:19: warning: passing argument 1 of 'Draw_Logo' from incompatible pointer type [-Wincompatible-pointer-types]
  324 |         Draw_Logo(&imlogo_bingo_120_0, color, 0, 120);
      |                   ^~~~~~~~~~~~~~~~~~~
      |                   |
      |                   const volatile uint8_t (*)[3000] {aka const volatile unsigned char (*)[3000]}
D:/Projets/STM32/BingOptik/Src/main.c:277:47: note: expected 'const volatile uint8_t *' {aka 'const volatile unsigned char *'} but argument is of type 'const volatile uint8_t (*)[3000]' {aka 'const volatile unsigned char (*)[3000]'}
  277 | static void Draw_Logo(const volatile uint8_t *pbmp, uint32_t color, int x, int y)
      |                       ~~~~~~~~~~~~~~~~~~~~~~~~^~~~
D:/Projets/STM32/BingOptik/Src/main.c:325:19: warning: passing argument 1 of 'Draw_Logo' from incompatible pointer type [-Wincompatible-pointer-types]
  325 |         Draw_Logo(&imlogo_bingo_120_200, color, 200, 120);
      |                   ^~~~~~~~~~~~~~~~~~~~~
      |                   |
      |                   const volatile uint8_t (*)[3000] {aka const volatile unsigned char (*)[3000]}
D:/Projets/STM32/BingOptik/Src/main.c:277:47: note: expected 'const volatile uint8_t *' {aka 'const volatile unsigned char *'} but argument is of type 'const volatile uint8_t (*)[3000]' {aka 'const volatile unsigned char (*)[3000]'}
  277 | static void Draw_Logo(const volatile uint8_t *pbmp, uint32_t color, int x, int y)
      |                       ~~~~~~~~~~~~~~~~~~~~~~~~^~~~
D:/Projets/STM32/BingOptik/Src/main.c:326:19: warning: passing argument 1 of 'Draw_Logo' from incompatible pointer type [-Wincompatible-pointer-types]
  326 |         Draw_Logo(&imlogo_bingo_120_400, color, 400, 120);
      |                   ^~~~~~~~~~~~~~~~~~~~~
      |                   |
      |                   const volatile uint8_t (*)[3000] {aka const volatile unsigned char (*)[3000]}
D:/Projets/STM32/BingOptik/Src/main.c:277:47: note: expected 'const volatile uint8_t *' {aka 'const volatile unsigned char *'} but argument is of type 'const volatile uint8_t (*)[3000]' {aka 'const volatile unsigned char (*)[3000]'}
  277 | static void Draw_Logo(const volatile uint8_t *pbmp, uint32_t color, int x, int y)
      |                       ~~~~~~~~~~~~~~~~~~~~~~~~^~~~
D:/Projets/STM32/BingOptik/Src/main.c:327:19: warning: passing argument 1 of 'Draw_Logo' from incompatible pointer type [-Wincompatible-pointer-types]
  327 |         Draw_Logo(&imlogo_bingo_120_600, color, 600, 120);
      |                   ^~~~~~~~~~~~~~~~~~~~~
      |                   |
      |                   const volatile uint8_t (*)[3000] {aka const volatile unsigned char (*)[3000]}
D:/Projets/STM32/BingOptik/Src/main.c:277:47: note: expected 'const volatile uint8_t *' {aka 'const volatile unsigned char *'} but argument is of type 'const volatile uint8_t (*)[3000]' {aka 'const volatile unsigned char (*)[3000]'}
  277 | static void Draw_Logo(const volatile uint8_t *pbmp, uint32_t color, int x, int y)
      |                       ~~~~~~~~~~~~~~~~~~~~~~~~^~~~
D:/Projets/STM32/BingOptik/Src/main.c: At top level:
D:/Projets/STM32/BingOptik/Src/main.c:337:13: warning: 'LTDC_Operation' defined but not used [-Wunused-function]
  337 | static void LTDC_Operation(uint32_t Enable_LTDC)
      |             ^~~~~~~~~~~~~~
D:/Projets/STM32/BingOptik/Src/main.c:69:37: warning: 'bmpFileInfoHeader' defined but not used [-Wunused-variable]
   69 | static BitMapFileInfoHeader_Typedef bmpFileInfoHeader;
      |                                     ^~~~~~~~~~~~~~~~~
D:/Projets/STM32/BingOptik/Src/main.c:68:37: warning: 'bmpFileHeader' defined but not used [-Wunused-variable]
   68 | static BitMapFileHeader_Typedef     bmpFileHeader;
      |                                     ^~~~~~~~~~~~~
D:/Projets/STM32/BingOptik/Src/main.c:65:16: warning: 'buffer' defined but not used [-Wunused-variable]
   65 | static uint8_t buffer[_MAX_SS]; /* a work buffer for the f_mkfs() */
      |                ^~~~~~
arm-none-eabi-gcc -o "BingOptik_LCD.elf" @"objects.list"   -mcpu=cortex-m4 -T"D:\Projets\STM32\BingOptik\STM32CubeIDE\STM32F469NIHX_FLASH.ld" --specs=nosys.specs -Wl,-Map="BingOptik_LCD.map" -Wl,--gc-sections -static --specs=nano.specs -mfpu=fpv4-sp-d16 -mfloat-abi=hard -mthumb -Wl,--start-group -lc -lm -Wl,--end-group
Finished building target: BingOptik_LCD.elf
 
arm-none-eabi-size  BingOptik_LCD.elf 
arm-none-eabi-objdump -h -S BingOptik_LCD.elf  > "BingOptik_LCD.list"
   text	   data	    bss	    dec	    hex	filename
 106260	     68	   3980	 110308	  1aee4	BingOptik_LCD.elf
Finished building: default.size.stdout
 
Finished building: BingOptik_LCD.list
 

16:18:57 Build Finished. 0 errors, 25 warnings. (took 4s.556ms)

