22:53:46 **** Incremental Build of configuration Debug for project LCD_Paint ****
make -j12 all 
arm-none-eabi-gcc "D:/Projets/STM32/LCD_Paint/Src/main.c" -mcpu=cortex-m4 -std=gnu11 -g3 -DDEBUG -DUSE_STM32469I_DISCOVERY -DUSE_HAL_DRIVER -DUSE_STM32469I_DISCO_REVC -DSTM32F469xx -DTS_MULTI_TOUCH_SUPPORTED -c -I../../Inc -I../../Drivers/CMSIS/Device/ST/STM32F4xx/Include -I../../Drivers/STM32F4xx_HAL_Driver/Inc -I../../Drivers/BSP/STM32469I-Discovery -I../../Drivers/BSP/Components/ft6x06 -I../../Drivers/BSP/Components/Common -I../../Drivers/BSP/Components -I../../Utilities -I../../Utilities/Fonts -I../../Middlewares/Third_Party/FatFs/src -I../../Drivers/CMSIS/Include -O0 -ffunction-sections -fdata-sections -Wall -fstack-usage -fcyclomatic-complexity -MMD -MP -MF"Application/User/main.d" -MT"Application/User/main.o" --specs=nano.specs -mfpu=fpv4-sp-d16 -mfloat-abi=hard -mthumb -o "Application/User/main.o"
D:/Projets/STM32/LCD_Paint/Src/main.c: In function 'main':
D:/Projets/STM32/LCD_Paint/Src/main.c:105:12: warning: unused variable 'ts_status' [-Wunused-variable]
  105 |   uint32_t ts_status  = TS_OK;
      |            ^~~~~~~~~
D:/Projets/STM32/LCD_Paint/Src/main.c: In function 'Draw_Menu':
D:/Projets/STM32/LCD_Paint/Src/main.c:201:28: warning: passing argument 3 of 'BSP_LCD_DrawBitmap' from incompatible pointer type [-Wincompatible-pointer-types]
  201 |   BSP_LCD_DrawBitmap(0, 0, &test);
      |                            ^~~~~
      |                            |
      |                            const volatile unsigned char (*)[49206]
In file included from ../../Inc/main.h:25,
                 from D:/Projets/STM32/LCD_Paint/Src/main.c:19:
../../Drivers/BSP/STM32469I-Discovery/stm32469i_discovery_lcd.h:353:68: note: expected 'uint8_t *' {aka 'unsigned char *'} but argument is of type 'const volatile unsigned char (*)[49206]'
  353 | void     BSP_LCD_DrawBitmap(uint32_t Xpos, uint32_t Ypos, uint8_t *pbmp);
      |                                                           ~~~~~~~~~^~~~
D:/Projets/STM32/LCD_Paint/Src/main.c: At top level:
D:/Projets/STM32/LCD_Paint/Src/main.c:85:13: warning: 'GetPosition' declared 'static' but never defined [-Wunused-function]
   85 | static void GetPosition(void);
      |             ^~~~~~~~~~~
D:/Projets/STM32/LCD_Paint/Src/main.c:525:13: warning: 'Update_Size' defined but not used [-Wunused-function]
  525 | static void Update_Size(uint8_t size)
      |             ^~~~~~~~~~~
D:/Projets/STM32/LCD_Paint/Src/main.c:505:13: warning: 'Update_Color' defined but not used [-Wunused-function]
  505 | static void Update_Color(void)
      |             ^~~~~~~~~~~~
D:/Projets/STM32/LCD_Paint/Src/main.c:209:13: warning: 'Save_Picture' defined but not used [-Wunused-function]
  209 | static void Save_Picture(void)
      |             ^~~~~~~~~~~~
D:/Projets/STM32/LCD_Paint/Src/main.c:80:17: warning: 'Radius' defined but not used [-Wunused-variable]
   80 | static uint32_t Radius = 10;
      |                 ^~~~~~
D:/Projets/STM32/LCD_Paint/Src/main.c:72:16: warning: 'buffer' defined but not used [-Wunused-variable]
   72 | static uint8_t buffer[_MAX_SS]; /* a work buffer for the f_mkfs() */
      |                ^~~~~~
arm-none-eabi-gcc -o "LCD_Paint.elf" @"objects.list"   -mcpu=cortex-m4 -T"D:\Projets\STM32\LCD_Paint\STM32CubeIDE\STM32F469NIHX_FLASH.ld" --specs=nosys.specs -Wl,-Map="LCD_Paint.map" -Wl,--gc-sections -static --specs=nano.specs -mfpu=fpv4-sp-d16 -mfloat-abi=hard -mthumb -Wl,--start-group -lc -lm -Wl,--end-group
Finished building target: LCD_Paint.elf
 
arm-none-eabi-size  LCD_Paint.elf 
arm-none-eabi-objdump -h -S LCD_Paint.elf  > "LCD_Paint.list"
   text	   data	    bss	    dec	    hex	filename
  94448	     76	   3908	  98432	  18080	LCD_Paint.elf
Finished building: default.size.stdout
 
Finished building: LCD_Paint.list
 
22:53:51 **** Incremental Build of configuration Debug for project LCD_Paint ****
make -j12 all 
arm-none-eabi-size  LCD_Paint.elf 
   text	   data	    bss	    dec	    hex	filename
  94448	     76	   3908	  98432	  18080	LCD_Paint.elf
Finished building: default.size.stdout
 
