21:44:45 **** Incremental Build of configuration Debug for project BingOptik_LCD ****
make -j12 all 
arm-none-eabi-gcc "D:/Projets/STM32/BingOptik/Src/main.c" -mcpu=cortex-m4 -std=gnu11 -g3 -DDEBUG -DUSE_STM32469I_DISCOVERY -DUSE_HAL_DRIVER -DUSE_STM32469I_DISCO_REVC -DSTM32F469xx -DTS_MULTI_TOUCH_SUPPORTED -c -I../../Inc -I../../Drivers/CMSIS/Device/ST/STM32F4xx/Include -I../../Drivers/STM32F4xx_HAL_Driver/Inc -I../../Drivers/BSP/STM32469I-Discovery -I../../Drivers/BSP/Components/ft6x06 -I../../Drivers/BSP/Components/Common -I../../Drivers/BSP/Components -I../../Utilities -I../../Utilities/Fonts -I../../Middlewares/Third_Party/FatFs/src -I../../Drivers/CMSIS/Include -O0 -ffunction-sections -fdata-sections -Wall -fstack-usage -fcyclomatic-complexity -MMD -MP -MF"Application/User/main.d" -MT"Application/User/main.o" --specs=nano.specs -mfpu=fpv4-sp-d16 -mfloat-abi=hard -mthumb -o "Application/User/main.o"
D:/Projets/STM32/BingOptik/Src/main.c:38:21: warning: initialization of 'uint8_t *' {aka 'unsigned char *'} from incompatible pointer type 'const volatile uint8_t (*)[3000]' {aka 'const volatile unsigned char (*)[3000]'} [-Wincompatible-pointer-types]
   38 | uint8_t* imgs[] = { &im1_1, &im2_1, &im3_1, &im4_1, &im5_1, &im6_1, &im7_1, &im8_1, &im9_1 };
      |                     ^
D:/Projets/STM32/BingOptik/Src/main.c:38:21: note: (near initialization for 'imgs[0]')
D:/Projets/STM32/BingOptik/Src/main.c:38:29: warning: initialization of 'uint8_t *' {aka 'unsigned char *'} from incompatible pointer type 'const volatile uint8_t (*)[3000]' {aka 'const volatile unsigned char (*)[3000]'} [-Wincompatible-pointer-types]
   38 | uint8_t* imgs[] = { &im1_1, &im2_1, &im3_1, &im4_1, &im5_1, &im6_1, &im7_1, &im8_1, &im9_1 };
      |                             ^
D:/Projets/STM32/BingOptik/Src/main.c:38:29: note: (near initialization for 'imgs[1]')
D:/Projets/STM32/BingOptik/Src/main.c:38:37: warning: initialization of 'uint8_t *' {aka 'unsigned char *'} from incompatible pointer type 'const volatile uint8_t (*)[3000]' {aka 'const volatile unsigned char (*)[3000]'} [-Wincompatible-pointer-types]
   38 | uint8_t* imgs[] = { &im1_1, &im2_1, &im3_1, &im4_1, &im5_1, &im6_1, &im7_1, &im8_1, &im9_1 };
      |                                     ^
D:/Projets/STM32/BingOptik/Src/main.c:38:37: note: (near initialization for 'imgs[2]')
D:/Projets/STM32/BingOptik/Src/main.c:38:45: warning: initialization of 'uint8_t *' {aka 'unsigned char *'} from incompatible pointer type 'const volatile uint8_t (*)[3000]' {aka 'const volatile unsigned char (*)[3000]'} [-Wincompatible-pointer-types]
   38 | uint8_t* imgs[] = { &im1_1, &im2_1, &im3_1, &im4_1, &im5_1, &im6_1, &im7_1, &im8_1, &im9_1 };
      |                                             ^
D:/Projets/STM32/BingOptik/Src/main.c:38:45: note: (near initialization for 'imgs[3]')
D:/Projets/STM32/BingOptik/Src/main.c:38:53: warning: initialization of 'uint8_t *' {aka 'unsigned char *'} from incompatible pointer type 'const volatile uint8_t (*)[3000]' {aka 'const volatile unsigned char (*)[3000]'} [-Wincompatible-pointer-types]
   38 | uint8_t* imgs[] = { &im1_1, &im2_1, &im3_1, &im4_1, &im5_1, &im6_1, &im7_1, &im8_1, &im9_1 };
      |                                                     ^
D:/Projets/STM32/BingOptik/Src/main.c:38:53: note: (near initialization for 'imgs[4]')
D:/Projets/STM32/BingOptik/Src/main.c:38:61: warning: initialization of 'uint8_t *' {aka 'unsigned char *'} from incompatible pointer type 'const volatile uint8_t (*)[3000]' {aka 'const volatile unsigned char (*)[3000]'} [-Wincompatible-pointer-types]
   38 | uint8_t* imgs[] = { &im1_1, &im2_1, &im3_1, &im4_1, &im5_1, &im6_1, &im7_1, &im8_1, &im9_1 };
      |                                                             ^
D:/Projets/STM32/BingOptik/Src/main.c:38:61: note: (near initialization for 'imgs[5]')
D:/Projets/STM32/BingOptik/Src/main.c:38:69: warning: initialization of 'uint8_t *' {aka 'unsigned char *'} from incompatible pointer type 'const volatile uint8_t (*)[3000]' {aka 'const volatile unsigned char (*)[3000]'} [-Wincompatible-pointer-types]
   38 | uint8_t* imgs[] = { &im1_1, &im2_1, &im3_1, &im4_1, &im5_1, &im6_1, &im7_1, &im8_1, &im9_1 };
      |                                                                     ^
D:/Projets/STM32/BingOptik/Src/main.c:38:69: note: (near initialization for 'imgs[6]')
D:/Projets/STM32/BingOptik/Src/main.c:38:77: warning: initialization of 'uint8_t *' {aka 'unsigned char *'} from incompatible pointer type 'const volatile uint8_t (*)[3000]' {aka 'const volatile unsigned char (*)[3000]'} [-Wincompatible-pointer-types]
   38 | uint8_t* imgs[] = { &im1_1, &im2_1, &im3_1, &im4_1, &im5_1, &im6_1, &im7_1, &im8_1, &im9_1 };
      |                                                                             ^
D:/Projets/STM32/BingOptik/Src/main.c:38:77: note: (near initialization for 'imgs[7]')
D:/Projets/STM32/BingOptik/Src/main.c:38:85: warning: initialization of 'uint8_t *' {aka 'unsigned char *'} from incompatible pointer type 'const volatile uint8_t (*)[3000]' {aka 'const volatile unsigned char (*)[3000]'} [-Wincompatible-pointer-types]
   38 | uint8_t* imgs[] = { &im1_1, &im2_1, &im3_1, &im4_1, &im5_1, &im6_1, &im7_1, &im8_1, &im9_1 };
      |                                                                                     ^
D:/Projets/STM32/BingOptik/Src/main.c:38:85: note: (near initialization for 'imgs[8]')
D:/Projets/STM32/BingOptik/Src/main.c: In function 'Draw_LEnsE':
D:/Projets/STM32/BingOptik/Src/main.c:302:19: warning: passing argument 1 of 'Draw_Logo' from incompatible pointer type [-Wincompatible-pointer-types]
  302 |         Draw_Logo(&imlogo_lense_0_0, LCD_COLOR_ORANGE, 1*200, 2*120);
      |                   ^~~~~~~~~~~~~~~~~
      |                   |
      |                   const volatile uint8_t (*)[3000] {aka const volatile unsigned char (*)[3000]}
D:/Projets/STM32/BingOptik/Src/main.c:262:47: note: expected 'const volatile uint8_t *' {aka 'const volatile unsigned char *'} but argument is of type 'const volatile uint8_t (*)[3000]' {aka 'const volatile unsigned char (*)[3000]'}
  262 | static void Draw_Logo(const volatile uint8_t *pbmp, uint32_t color, int x, int y)
      |                       ~~~~~~~~~~~~~~~~~~~~~~~~^~~~
D:/Projets/STM32/BingOptik/Src/main.c:303:19: warning: passing argument 1 of 'Draw_Logo' from incompatible pointer type [-Wincompatible-pointer-types]
  303 |         Draw_Logo(&imlogo_lense_0_200, LCD_COLOR_ORANGE, 2*200, 2*120);
      |                   ^~~~~~~~~~~~~~~~~~~
      |                   |
      |                   const volatile uint8_t (*)[3000] {aka const volatile unsigned char (*)[3000]}
D:/Projets/STM32/BingOptik/Src/main.c:262:47: note: expected 'const volatile uint8_t *' {aka 'const volatile unsigned char *'} but argument is of type 'const volatile uint8_t (*)[3000]' {aka 'const volatile unsigned char (*)[3000]'}
  262 | static void Draw_Logo(const volatile uint8_t *pbmp, uint32_t color, int x, int y)
      |                       ~~~~~~~~~~~~~~~~~~~~~~~~^~~~
D:/Projets/STM32/BingOptik/Src/main.c:304:19: warning: passing argument 1 of 'Draw_Logo' from incompatible pointer type [-Wincompatible-pointer-types]
  304 |         Draw_Logo(&imlogo_lense_120_0, LCD_COLOR_ORANGE, 1*200, 3*120);
      |                   ^~~~~~~~~~~~~~~~~~~
      |                   |
      |                   const volatile uint8_t (*)[3000] {aka const volatile unsigned char (*)[3000]}
D:/Projets/STM32/BingOptik/Src/main.c:262:47: note: expected 'const volatile uint8_t *' {aka 'const volatile unsigned char *'} but argument is of type 'const volatile uint8_t (*)[3000]' {aka 'const volatile unsigned char (*)[3000]'}
  262 | static void Draw_Logo(const volatile uint8_t *pbmp, uint32_t color, int x, int y)
      |                       ~~~~~~~~~~~~~~~~~~~~~~~~^~~~
D:/Projets/STM32/BingOptik/Src/main.c:305:19: warning: passing argument 1 of 'Draw_Logo' from incompatible pointer type [-Wincompatible-pointer-types]
  305 |         Draw_Logo(&imlogo_lense_120_200, LCD_COLOR_ORANGE, 2*200, 3*120);
      |                   ^~~~~~~~~~~~~~~~~~~~~
      |                   |
      |                   const volatile uint8_t (*)[3000] {aka const volatile unsigned char (*)[3000]}
D:/Projets/STM32/BingOptik/Src/main.c:262:47: note: expected 'const volatile uint8_t *' {aka 'const volatile unsigned char *'} but argument is of type 'const volatile uint8_t (*)[3000]' {aka 'const volatile unsigned char (*)[3000]'}
  262 | static void Draw_Logo(const volatile uint8_t *pbmp, uint32_t color, int x, int y)
      |                       ~~~~~~~~~~~~~~~~~~~~~~~~^~~~
D:/Projets/STM32/BingOptik/Src/main.c: In function 'Draw_Bingo':
D:/Projets/STM32/BingOptik/Src/main.c:314:19: warning: passing argument 1 of 'Draw_Logo' from incompatible pointer type [-Wincompatible-pointer-types]
  314 |         Draw_Logo(&imlogo_bingo_0_0, color, 0, 0);
      |                   ^~~~~~~~~~~~~~~~~
      |                   |
      |                   const volatile uint8_t (*)[3000] {aka const volatile unsigned char (*)[3000]}
D:/Projets/STM32/BingOptik/Src/main.c:262:47: note: expected 'const volatile uint8_t *' {aka 'const volatile unsigned char *'} but argument is of type 'const volatile uint8_t (*)[3000]' {aka 'const volatile unsigned char (*)[3000]'}
  262 | static void Draw_Logo(const volatile uint8_t *pbmp, uint32_t color, int x, int y)
      |                       ~~~~~~~~~~~~~~~~~~~~~~~~^~~~
D:/Projets/STM32/BingOptik/Src/main.c:315:19: warning: passing argument 1 of 'Draw_Logo' from incompatible pointer type [-Wincompatible-pointer-types]
  315 |         Draw_Logo(&imlogo_bingo_0_200, color, 200, 0);
      |                   ^~~~~~~~~~~~~~~~~~~
      |                   |
      |                   const volatile uint8_t (*)[3000] {aka const volatile unsigned char (*)[3000]}
D:/Projets/STM32/BingOptik/Src/main.c:262:47: note: expected 'const volatile uint8_t *' {aka 'const volatile unsigned char *'} but argument is of type 'const volatile uint8_t (*)[3000]' {aka 'const volatile unsigned char (*)[3000]'}
  262 | static void Draw_Logo(const volatile uint8_t *pbmp, uint32_t color, int x, int y)
      |                       ~~~~~~~~~~~~~~~~~~~~~~~~^~~~
D:/Projets/STM32/BingOptik/Src/main.c:316:19: warning: passing argument 1 of 'Draw_Logo' from incompatible pointer type [-Wincompatible-pointer-types]
  316 |         Draw_Logo(&imlogo_bingo_0_400, color, 400, 0);
      |                   ^~~~~~~~~~~~~~~~~~~
      |                   |
      |                   const volatile uint8_t (*)[3000] {aka const volatile unsigned char (*)[3000]}
D:/Projets/STM32/BingOptik/Src/main.c:262:47: note: expected 'const volatile uint8_t *' {aka 'const volatile unsigned char *'} but argument is of type 'const volatile uint8_t (*)[3000]' {aka 'const volatile unsigned char (*)[3000]'}
  262 | static void Draw_Logo(const volatile uint8_t *pbmp, uint32_t color, int x, int y)
      |                       ~~~~~~~~~~~~~~~~~~~~~~~~^~~~
D:/Projets/STM32/BingOptik/Src/main.c:317:19: warning: passing argument 1 of 'Draw_Logo' from incompatible pointer type [-Wincompatible-pointer-types]
  317 |         Draw_Logo(&imlogo_bingo_0_600, color, 600, 0);
      |                   ^~~~~~~~~~~~~~~~~~~
      |                   |
      |                   const volatile uint8_t (*)[3000] {aka const volatile unsigned char (*)[3000]}
D:/Projets/STM32/BingOptik/Src/main.c:262:47: note: expected 'const volatile uint8_t *' {aka 'const volatile unsigned char *'} but argument is of type 'const volatile uint8_t (*)[3000]' {aka 'const volatile unsigned char (*)[3000]'}
  262 | static void Draw_Logo(const volatile uint8_t *pbmp, uint32_t color, int x, int y)
      |                       ~~~~~~~~~~~~~~~~~~~~~~~~^~~~
D:/Projets/STM32/BingOptik/Src/main.c:318:19: warning: passing argument 1 of 'Draw_Logo' from incompatible pointer type [-Wincompatible-pointer-types]
  318 |         Draw_Logo(&imlogo_bingo_120_0, color, 0, 120);
      |                   ^~~~~~~~~~~~~~~~~~~
      |                   |
      |                   const volatile uint8_t (*)[3000] {aka const volatile unsigned char (*)[3000]}
D:/Projets/STM32/BingOptik/Src/main.c:262:47: note: expected 'const volatile uint8_t *' {aka 'const volatile unsigned char *'} but argument is of type 'const volatile uint8_t (*)[3000]' {aka 'const volatile unsigned char (*)[3000]'}
  262 | static void Draw_Logo(const volatile uint8_t *pbmp, uint32_t color, int x, int y)
      |                       ~~~~~~~~~~~~~~~~~~~~~~~~^~~~
D:/Projets/STM32/BingOptik/Src/main.c:319:19: warning: passing argument 1 of 'Draw_Logo' from incompatible pointer type [-Wincompatible-pointer-types]
  319 |         Draw_Logo(&imlogo_bingo_120_200, color, 200, 120);
      |                   ^~~~~~~~~~~~~~~~~~~~~
      |                   |
      |                   const volatile uint8_t (*)[3000] {aka const volatile unsigned char (*)[3000]}
D:/Projets/STM32/BingOptik/Src/main.c:262:47: note: expected 'const volatile uint8_t *' {aka 'const volatile unsigned char *'} but argument is of type 'const volatile uint8_t (*)[3000]' {aka 'const volatile unsigned char (*)[3000]'}
  262 | static void Draw_Logo(const volatile uint8_t *pbmp, uint32_t color, int x, int y)
      |                       ~~~~~~~~~~~~~~~~~~~~~~~~^~~~
D:/Projets/STM32/BingOptik/Src/main.c:320:19: warning: passing argument 1 of 'Draw_Logo' from incompatible pointer type [-Wincompatible-pointer-types]
  320 |         Draw_Logo(&imlogo_bingo_120_400, color, 400, 120);
      |                   ^~~~~~~~~~~~~~~~~~~~~
      |                   |
      |                   const volatile uint8_t (*)[3000] {aka const volatile unsigned char (*)[3000]}
D:/Projets/STM32/BingOptik/Src/main.c:262:47: note: expected 'const volatile uint8_t *' {aka 'const volatile unsigned char *'} but argument is of type 'const volatile uint8_t (*)[3000]' {aka 'const volatile unsigned char (*)[3000]'}
  262 | static void Draw_Logo(const volatile uint8_t *pbmp, uint32_t color, int x, int y)
      |                       ~~~~~~~~~~~~~~~~~~~~~~~~^~~~
D:/Projets/STM32/BingOptik/Src/main.c:321:19: warning: passing argument 1 of 'Draw_Logo' from incompatible pointer type [-Wincompatible-pointer-types]
  321 |         Draw_Logo(&imlogo_bingo_120_600, color, 600, 120);
      |                   ^~~~~~~~~~~~~~~~~~~~~
      |                   |
      |                   const volatile uint8_t (*)[3000] {aka const volatile unsigned char (*)[3000]}
D:/Projets/STM32/BingOptik/Src/main.c:262:47: note: expected 'const volatile uint8_t *' {aka 'const volatile unsigned char *'} but argument is of type 'const volatile uint8_t (*)[3000]' {aka 'const volatile unsigned char (*)[3000]'}
  262 | static void Draw_Logo(const volatile uint8_t *pbmp, uint32_t color, int x, int y)
      |                       ~~~~~~~~~~~~~~~~~~~~~~~~^~~~
D:/Projets/STM32/BingOptik/Src/main.c: At top level:
D:/Projets/STM32/BingOptik/Src/main.c:52:13: warning: 'LTDC_Operation' declared 'static' but never defined [-Wunused-function]
   52 | static void LTDC_Operation(uint32_t Enable_LTDC);
      |             ^~~~~~~~~~~~~~
arm-none-eabi-gcc -o "BingOptik_LCD.elf" @"objects.list"   -mcpu=cortex-m4 -T"D:\Projets\STM32\BingOptik\STM32CubeIDE\STM32F469NIHX_FLASH.ld" --specs=nosys.specs -Wl,-Map="BingOptik_LCD.map" -Wl,--gc-sections -static --specs=nano.specs -mfpu=fpv4-sp-d16 -mfloat-abi=hard -mthumb -Wl,--start-group -lc -lm -Wl,--end-group
Finished building target: BingOptik_LCD.elf
 
arm-none-eabi-size  BingOptik_LCD.elf 
arm-none-eabi-objdump -h -S BingOptik_LCD.elf  > "BingOptik_LCD.list"
   text	   data	    bss	    dec	    hex	filename
 108176	    104	   3968	 112248	  1b678	BingOptik_LCD.elf
Finished building: default.size.stdout
 
Finished building: BingOptik_LCD.list
 
21:44:49 **** Incremental Build of configuration Debug for project BingOptik_LCD ****
make -j12 all 
arm-none-eabi-size  BingOptik_LCD.elf 
   text	   data	    bss	    dec	    hex	filename
 108176	    104	   3968	 112248	  1b678	BingOptik_LCD.elf
Finished building: default.size.stdout
 
