21:21:50 **** Incremental Build of configuration Debug for project BingOptik_LCD ****
make -j12 all 
arm-none-eabi-gcc "D:/Projets/STM32/BingOptik/Src/main.c" -mcpu=cortex-m4 -std=gnu11 -g3 -DDEBUG -DUSE_STM32469I_DISCOVERY -DUSE_HAL_DRIVER -DUSE_STM32469I_DISCO_REVC -DSTM32F469xx -DTS_MULTI_TOUCH_SUPPORTED -c -I../../Inc -I../../Drivers/WS2812 -I../../Drivers/CMSIS/Device/ST/STM32F4xx/Include -I../../Drivers/STM32F4xx_HAL_Driver/Inc -I../../Drivers/BSP/STM32469I-Discovery -I../../Drivers/BSP/Components/ft6x06 -I../../Drivers/BSP/Components/Common -I../../Drivers/BSP/Components -I../../Utilities -I../../Utilities/Fonts -I../../Middlewares/Third_Party/FatFs/src -I../../Drivers/CMSIS/Include -O0 -ffunction-sections -fdata-sections -Wall -fstack-usage -fcyclomatic-complexity -MMD -MP -MF"Application/User/main.d" -MT"Application/User/main.o" --specs=nano.specs -mfpu=fpv4-sp-d16 -mfloat-abi=hard -mthumb -o "Application/User/main.o"
D:/Projets/STM32/BingOptik/Src/main.c:50:21: warning: initialization of 'uint8_t *' {aka 'unsigned char *'} from incompatible pointer type 'const volatile uint8_t (*)[3000]' {aka 'const volatile unsigned char (*)[3000]'} [-Wincompatible-pointer-types]
   50 | uint8_t* imgs[] = { &im1_1, &im2_1, &im3_1, &im4_1, &im5_1, &im6_1, &im7_1, &im8_1, &im9_1 };
      |                     ^
D:/Projets/STM32/BingOptik/Src/main.c:50:21: note: (near initialization for 'imgs[0]')
D:/Projets/STM32/BingOptik/Src/main.c:50:29: warning: initialization of 'uint8_t *' {aka 'unsigned char *'} from incompatible pointer type 'const volatile uint8_t (*)[3000]' {aka 'const volatile unsigned char (*)[3000]'} [-Wincompatible-pointer-types]
   50 | uint8_t* imgs[] = { &im1_1, &im2_1, &im3_1, &im4_1, &im5_1, &im6_1, &im7_1, &im8_1, &im9_1 };
      |                             ^
D:/Projets/STM32/BingOptik/Src/main.c:50:29: note: (near initialization for 'imgs[1]')
D:/Projets/STM32/BingOptik/Src/main.c:50:37: warning: initialization of 'uint8_t *' {aka 'unsigned char *'} from incompatible pointer type 'const volatile uint8_t (*)[3000]' {aka 'const volatile unsigned char (*)[3000]'} [-Wincompatible-pointer-types]
   50 | uint8_t* imgs[] = { &im1_1, &im2_1, &im3_1, &im4_1, &im5_1, &im6_1, &im7_1, &im8_1, &im9_1 };
      |                                     ^
D:/Projets/STM32/BingOptik/Src/main.c:50:37: note: (near initialization for 'imgs[2]')
D:/Projets/STM32/BingOptik/Src/main.c:50:45: warning: initialization of 'uint8_t *' {aka 'unsigned char *'} from incompatible pointer type 'const volatile uint8_t (*)[3000]' {aka 'const volatile unsigned char (*)[3000]'} [-Wincompatible-pointer-types]
   50 | uint8_t* imgs[] = { &im1_1, &im2_1, &im3_1, &im4_1, &im5_1, &im6_1, &im7_1, &im8_1, &im9_1 };
      |                                             ^
D:/Projets/STM32/BingOptik/Src/main.c:50:45: note: (near initialization for 'imgs[3]')
D:/Projets/STM32/BingOptik/Src/main.c:50:53: warning: initialization of 'uint8_t *' {aka 'unsigned char *'} from incompatible pointer type 'const volatile uint8_t (*)[3000]' {aka 'const volatile unsigned char (*)[3000]'} [-Wincompatible-pointer-types]
   50 | uint8_t* imgs[] = { &im1_1, &im2_1, &im3_1, &im4_1, &im5_1, &im6_1, &im7_1, &im8_1, &im9_1 };
      |                                                     ^
D:/Projets/STM32/BingOptik/Src/main.c:50:53: note: (near initialization for 'imgs[4]')
D:/Projets/STM32/BingOptik/Src/main.c:50:61: warning: initialization of 'uint8_t *' {aka 'unsigned char *'} from incompatible pointer type 'const volatile uint8_t (*)[3000]' {aka 'const volatile unsigned char (*)[3000]'} [-Wincompatible-pointer-types]
   50 | uint8_t* imgs[] = { &im1_1, &im2_1, &im3_1, &im4_1, &im5_1, &im6_1, &im7_1, &im8_1, &im9_1 };
      |                                                             ^
D:/Projets/STM32/BingOptik/Src/main.c:50:61: note: (near initialization for 'imgs[5]')
D:/Projets/STM32/BingOptik/Src/main.c:50:69: warning: initialization of 'uint8_t *' {aka 'unsigned char *'} from incompatible pointer type 'const volatile uint8_t (*)[3000]' {aka 'const volatile unsigned char (*)[3000]'} [-Wincompatible-pointer-types]
   50 | uint8_t* imgs[] = { &im1_1, &im2_1, &im3_1, &im4_1, &im5_1, &im6_1, &im7_1, &im8_1, &im9_1 };
      |                                                                     ^
D:/Projets/STM32/BingOptik/Src/main.c:50:69: note: (near initialization for 'imgs[6]')
D:/Projets/STM32/BingOptik/Src/main.c:50:77: warning: initialization of 'uint8_t *' {aka 'unsigned char *'} from incompatible pointer type 'const volatile uint8_t (*)[3000]' {aka 'const volatile unsigned char (*)[3000]'} [-Wincompatible-pointer-types]
   50 | uint8_t* imgs[] = { &im1_1, &im2_1, &im3_1, &im4_1, &im5_1, &im6_1, &im7_1, &im8_1, &im9_1 };
      |                                                                             ^
D:/Projets/STM32/BingOptik/Src/main.c:50:77: note: (near initialization for 'imgs[7]')
D:/Projets/STM32/BingOptik/Src/main.c:50:85: warning: initialization of 'uint8_t *' {aka 'unsigned char *'} from incompatible pointer type 'const volatile uint8_t (*)[3000]' {aka 'const volatile unsigned char (*)[3000]'} [-Wincompatible-pointer-types]
   50 | uint8_t* imgs[] = { &im1_1, &im2_1, &im3_1, &im4_1, &im5_1, &im6_1, &im7_1, &im8_1, &im9_1 };
      |                                                                                     ^
D:/Projets/STM32/BingOptik/Src/main.c:50:85: note: (near initialization for 'imgs[8]')
D:/Projets/STM32/BingOptik/Src/main.c: In function 'main':
D:/Projets/STM32/BingOptik/Src/main.c:81:20: warning: passing argument 1 of 'init_array' from incompatible pointer type [-Wincompatible-pointer-types]
   81 |         init_array(&led_strip_mirror, 10, 24);
      |                    ^~~~~~~~~~~~~~~~~
      |                    |
      |                    WS2812 *
In file included from ../../Inc/main.h:36,
                 from D:/Projets/STM32/BingOptik/Src/main.c:28:
../../Drivers/WS2812/PixelArray.h:31:29: note: expected 'PixelArray *' but argument is of type 'WS2812 *'
   31 | void init_array(PixelArray *pixels, int nb_pixels, int nb_bits);
      |                 ~~~~~~~~~~~~^~~~~~
D:/Projets/STM32/BingOptik/Src/main.c: In function 'Draw_LEnsE':
D:/Projets/STM32/BingOptik/Src/main.c:292:19: warning: passing argument 1 of 'Draw_Logo' from incompatible pointer type [-Wincompatible-pointer-types]
  292 |         Draw_Logo(&imlogo_lense_0_0, LCD_COLOR_ORANGE, 1*200, 2*120);
      |                   ^~~~~~~~~~~~~~~~~
      |                   |
      |                   const volatile uint8_t (*)[3000] {aka const volatile unsigned char (*)[3000]}
D:/Projets/STM32/BingOptik/Src/main.c:266:47: note: expected 'const volatile uint8_t *' {aka 'const volatile unsigned char *'} but argument is of type 'const volatile uint8_t (*)[3000]' {aka 'const volatile unsigned char (*)[3000]'}
  266 | static void Draw_Logo(const volatile uint8_t *pbmp, uint32_t color, int x, int y)
      |                       ~~~~~~~~~~~~~~~~~~~~~~~~^~~~
D:/Projets/STM32/BingOptik/Src/main.c:293:19: warning: passing argument 1 of 'Draw_Logo' from incompatible pointer type [-Wincompatible-pointer-types]
  293 |         Draw_Logo(&imlogo_lense_0_200, LCD_COLOR_ORANGE, 2*200, 2*120);
      |                   ^~~~~~~~~~~~~~~~~~~
      |                   |
      |                   const volatile uint8_t (*)[3000] {aka const volatile unsigned char (*)[3000]}
D:/Projets/STM32/BingOptik/Src/main.c:266:47: note: expected 'const volatile uint8_t *' {aka 'const volatile unsigned char *'} but argument is of type 'const volatile uint8_t (*)[3000]' {aka 'const volatile unsigned char (*)[3000]'}
  266 | static void Draw_Logo(const volatile uint8_t *pbmp, uint32_t color, int x, int y)
      |                       ~~~~~~~~~~~~~~~~~~~~~~~~^~~~
D:/Projets/STM32/BingOptik/Src/main.c:294:19: warning: passing argument 1 of 'Draw_Logo' from incompatible pointer type [-Wincompatible-pointer-types]
  294 |         Draw_Logo(&imlogo_lense_120_0, LCD_COLOR_ORANGE, 1*200, 3*120);
      |                   ^~~~~~~~~~~~~~~~~~~
      |                   |
      |                   const volatile uint8_t (*)[3000] {aka const volatile unsigned char (*)[3000]}
D:/Projets/STM32/BingOptik/Src/main.c:266:47: note: expected 'const volatile uint8_t *' {aka 'const volatile unsigned char *'} but argument is of type 'const volatile uint8_t (*)[3000]' {aka 'const volatile unsigned char (*)[3000]'}
  266 | static void Draw_Logo(const volatile uint8_t *pbmp, uint32_t color, int x, int y)
      |                       ~~~~~~~~~~~~~~~~~~~~~~~~^~~~
D:/Projets/STM32/BingOptik/Src/main.c:295:19: warning: passing argument 1 of 'Draw_Logo' from incompatible pointer type [-Wincompatible-pointer-types]
  295 |         Draw_Logo(&imlogo_lense_120_200, LCD_COLOR_ORANGE, 2*200, 3*120);
      |                   ^~~~~~~~~~~~~~~~~~~~~
      |                   |
      |                   const volatile uint8_t (*)[3000] {aka const volatile unsigned char (*)[3000]}
D:/Projets/STM32/BingOptik/Src/main.c:266:47: note: expected 'const volatile uint8_t *' {aka 'const volatile unsigned char *'} but argument is of type 'const volatile uint8_t (*)[3000]' {aka 'const volatile unsigned char (*)[3000]'}
  266 | static void Draw_Logo(const volatile uint8_t *pbmp, uint32_t color, int x, int y)
      |                       ~~~~~~~~~~~~~~~~~~~~~~~~^~~~
D:/Projets/STM32/BingOptik/Src/main.c: In function 'Draw_Bingo':
D:/Projets/STM32/BingOptik/Src/main.c:304:19: warning: passing argument 1 of 'Draw_Logo' from incompatible pointer type [-Wincompatible-pointer-types]
  304 |         Draw_Logo(&imlogo_bingo_0_0, color, 0, 0);
      |                   ^~~~~~~~~~~~~~~~~
      |                   |
      |                   const volatile uint8_t (*)[3000] {aka const volatile unsigned char (*)[3000]}
D:/Projets/STM32/BingOptik/Src/main.c:266:47: note: expected 'const volatile uint8_t *' {aka 'const volatile unsigned char *'} but argument is of type 'const volatile uint8_t (*)[3000]' {aka 'const volatile unsigned char (*)[3000]'}
  266 | static void Draw_Logo(const volatile uint8_t *pbmp, uint32_t color, int x, int y)
      |                       ~~~~~~~~~~~~~~~~~~~~~~~~^~~~
D:/Projets/STM32/BingOptik/Src/main.c:305:19: warning: passing argument 1 of 'Draw_Logo' from incompatible pointer type [-Wincompatible-pointer-types]
  305 |         Draw_Logo(&imlogo_bingo_0_200, color, 200, 0);
      |                   ^~~~~~~~~~~~~~~~~~~
      |                   |
      |                   const volatile uint8_t (*)[3000] {aka const volatile unsigned char (*)[3000]}
D:/Projets/STM32/BingOptik/Src/main.c:266:47: note: expected 'const volatile uint8_t *' {aka 'const volatile unsigned char *'} but argument is of type 'const volatile uint8_t (*)[3000]' {aka 'const volatile unsigned char (*)[3000]'}
  266 | static void Draw_Logo(const volatile uint8_t *pbmp, uint32_t color, int x, int y)
      |                       ~~~~~~~~~~~~~~~~~~~~~~~~^~~~
D:/Projets/STM32/BingOptik/Src/main.c:306:19: warning: passing argument 1 of 'Draw_Logo' from incompatible pointer type [-Wincompatible-pointer-types]
  306 |         Draw_Logo(&imlogo_bingo_0_400, color, 400, 0);
      |                   ^~~~~~~~~~~~~~~~~~~
      |                   |
      |                   const volatile uint8_t (*)[3000] {aka const volatile unsigned char (*)[3000]}
D:/Projets/STM32/BingOptik/Src/main.c:266:47: note: expected 'const volatile uint8_t *' {aka 'const volatile unsigned char *'} but argument is of type 'const volatile uint8_t (*)[3000]' {aka 'const volatile unsigned char (*)[3000]'}
  266 | static void Draw_Logo(const volatile uint8_t *pbmp, uint32_t color, int x, int y)
      |                       ~~~~~~~~~~~~~~~~~~~~~~~~^~~~
D:/Projets/STM32/BingOptik/Src/main.c:307:19: warning: passing argument 1 of 'Draw_Logo' from incompatible pointer type [-Wincompatible-pointer-types]
  307 |         Draw_Logo(&imlogo_bingo_0_600, color, 600, 0);
      |                   ^~~~~~~~~~~~~~~~~~~
      |                   |
      |                   const volatile uint8_t (*)[3000] {aka const volatile unsigned char (*)[3000]}
D:/Projets/STM32/BingOptik/Src/main.c:266:47: note: expected 'const volatile uint8_t *' {aka 'const volatile unsigned char *'} but argument is of type 'const volatile uint8_t (*)[3000]' {aka 'const volatile unsigned char (*)[3000]'}
  266 | static void Draw_Logo(const volatile uint8_t *pbmp, uint32_t color, int x, int y)
      |                       ~~~~~~~~~~~~~~~~~~~~~~~~^~~~
D:/Projets/STM32/BingOptik/Src/main.c:308:19: warning: passing argument 1 of 'Draw_Logo' from incompatible pointer type [-Wincompatible-pointer-types]
  308 |         Draw_Logo(&imlogo_bingo_120_0, color, 0, 120);
      |                   ^~~~~~~~~~~~~~~~~~~
      |                   |
      |                   const volatile uint8_t (*)[3000] {aka const volatile unsigned char (*)[3000]}
D:/Projets/STM32/BingOptik/Src/main.c:266:47: note: expected 'const volatile uint8_t *' {aka 'const volatile unsigned char *'} but argument is of type 'const volatile uint8_t (*)[3000]' {aka 'const volatile unsigned char (*)[3000]'}
  266 | static void Draw_Logo(const volatile uint8_t *pbmp, uint32_t color, int x, int y)
      |                       ~~~~~~~~~~~~~~~~~~~~~~~~^~~~
D:/Projets/STM32/BingOptik/Src/main.c:309:19: warning: passing argument 1 of 'Draw_Logo' from incompatible pointer type [-Wincompatible-pointer-types]
  309 |         Draw_Logo(&imlogo_bingo_120_200, color, 200, 120);
      |                   ^~~~~~~~~~~~~~~~~~~~~
      |                   |
      |                   const volatile uint8_t (*)[3000] {aka const volatile unsigned char (*)[3000]}
D:/Projets/STM32/BingOptik/Src/main.c:266:47: note: expected 'const volatile uint8_t *' {aka 'const volatile unsigned char *'} but argument is of type 'const volatile uint8_t (*)[3000]' {aka 'const volatile unsigned char (*)[3000]'}
  266 | static void Draw_Logo(const volatile uint8_t *pbmp, uint32_t color, int x, int y)
      |                       ~~~~~~~~~~~~~~~~~~~~~~~~^~~~
D:/Projets/STM32/BingOptik/Src/main.c:310:19: warning: passing argument 1 of 'Draw_Logo' from incompatible pointer type [-Wincompatible-pointer-types]
  310 |         Draw_Logo(&imlogo_bingo_120_400, color, 400, 120);
      |                   ^~~~~~~~~~~~~~~~~~~~~
      |                   |
      |                   const volatile uint8_t (*)[3000] {aka const volatile unsigned char (*)[3000]}
D:/Projets/STM32/BingOptik/Src/main.c:266:47: note: expected 'const volatile uint8_t *' {aka 'const volatile unsigned char *'} but argument is of type 'const volatile uint8_t (*)[3000]' {aka 'const volatile unsigned char (*)[3000]'}
  266 | static void Draw_Logo(const volatile uint8_t *pbmp, uint32_t color, int x, int y)
      |                       ~~~~~~~~~~~~~~~~~~~~~~~~^~~~
D:/Projets/STM32/BingOptik/Src/main.c:311:19: warning: passing argument 1 of 'Draw_Logo' from incompatible pointer type [-Wincompatible-pointer-types]
  311 |         Draw_Logo(&imlogo_bingo_120_600, color, 600, 120);
      |                   ^~~~~~~~~~~~~~~~~~~~~
      |                   |
      |                   const volatile uint8_t (*)[3000] {aka const volatile unsigned char (*)[3000]}
D:/Projets/STM32/BingOptik/Src/main.c:266:47: note: expected 'const volatile uint8_t *' {aka 'const volatile unsigned char *'} but argument is of type 'const volatile uint8_t (*)[3000]' {aka 'const volatile unsigned char (*)[3000]'}
  266 | static void Draw_Logo(const volatile uint8_t *pbmp, uint32_t color, int x, int y)
      |                       ~~~~~~~~~~~~~~~~~~~~~~~~^~~~
D:/Projets/STM32/BingOptik/Src/main.c: At top level:
D:/Projets/STM32/BingOptik/Src/main.c:64:13: warning: 'LTDC_Operation' declared 'static' but never defined [-Wunused-function]
   64 | static void LTDC_Operation(uint32_t Enable_LTDC);
      |             ^~~~~~~~~~~~~~
arm-none-eabi-gcc -o "BingOptik_LCD.elf" @"objects.list"   -mcpu=cortex-m4 -T"D:\Projets\STM32\BingOptik\STM32CubeIDE\STM32F469NIHX_FLASH.ld" --specs=nosys.specs -Wl,-Map="BingOptik_LCD.map" -Wl,--gc-sections -static --specs=nano.specs -mfpu=fpv4-sp-d16 -mfloat-abi=hard -mthumb -Wl,--start-group -lc -lm -Wl,--end-group
Finished building target: BingOptik_LCD.elf
 
arm-none-eabi-size  BingOptik_LCD.elf 
arm-none-eabi-objdump -h -S BingOptik_LCD.elf  > "BingOptik_LCD.list"
   text	   data	    bss	    dec	    hex	filename
 109784	    184	   4344	 114312	  1be88	BingOptik_LCD.elf
arm-none-eabi-objcopy  -O binary BingOptik_LCD.elf  "BingOptik_LCD.bin"
Finished building: default.size.stdout
 
Finished building: BingOptik_LCD.bin
 
Finished building: BingOptik_LCD.list
 
21:21:54 **** Incremental Build of configuration Debug for project BingOptik_LCD ****
make -j12 all 
arm-none-eabi-size  BingOptik_LCD.elf 
   text	   data	    bss	    dec	    hex	filename
 109784	    184	   4344	 114312	  1be88	BingOptik_LCD.elf
Finished building: default.size.stdout
 
