21:06:53 **** Incremental Build of configuration Debug for project fir_filter ****
make -j12 all 
arm-none-eabi-gcc "../Core/Src/main.c" -mcpu=cortex-m4 -std=gnu11 -g3 -DDEBUG -DUSE_NUCLEO_64 -DUSE_HAL_DRIVER -DSTM32G431xx -c -I../Core/Inc -I../Drivers/STM32G4xx_HAL_Driver/Inc -I../Drivers/STM32G4xx_HAL_Driver/Inc/Legacy -I../Drivers/BSP/STM32G4xx_Nucleo -I../Drivers/CMSIS/Device/ST/STM32G4xx/Include -I../Drivers/CMSIS/Include -I../Middlewares/ST/ARM/DSP/Inc -O0 -ffunction-sections -fdata-sections -Wall -fstack-usage -fcyclomatic-complexity -MMD -MP -MF"Core/Src/main.d" -MT"Core/Src/main.o" --specs=nano.specs -mfpu=fpv4-sp-d16 -mfloat-abi=hard -mthumb -o "Core/Src/main.o"
arm-none-eabi-gcc -o "fir_filter.elf" @"objects.list"  -l:libarm_cortexM4lf_math.a -mcpu=cortex-m4 -T"D:\tools\git_repo\LEnsE\platforms\labworks\embedded_electronics\FIR_filter_G431KB\prog\STM32Cube\fir_filter\STM32G431KBTX_FLASH.ld" --specs=nosys.specs -Wl,-Map="fir_filter.map" -Wl,--gc-sections -static -L../Middlewares/ST/ARM/DSP/Lib --specs=nano.specs -mfpu=fpv4-sp-d16 -mfloat-abi=hard -mthumb -Wl,--start-group -lc -lm -Wl,--end-group
Finished building target: fir_filter.elf
 
arm-none-eabi-size  fir_filter.elf 
arm-none-eabi-objdump -h -S fir_filter.elf  > "fir_filter.list"
arm-none-eabi-objcopy  -O binary fir_filter.elf  "fir_filter.bin"
   text	   data	    bss	    dec	    hex	filename
  30120	    244	   3252	  33616	   8350	fir_filter.elf
Finished building: default.size.stdout
 
Finished building: fir_filter.list
 
Finished building: fir_filter.bin
 
